Archive member included to satisfy reference by file (symbol)

/usr/lib/gcc/arm-none-eabi/13.2.1/thumb/v6-m/nofp/libgcc.a(_dvmd_tls.o)
                              CMakeFiles/wifi.dir/pico-sdk/src/rp2_common/pico_divider/divider_hardware.S.o (__aeabi_idiv0)
/usr/lib/gcc/arm-none-eabi/13.2.1/../../../arm-none-eabi/lib/thumb/v6-m/nofp/libg.a(libc_a-strncpy.o)
                              CMakeFiles/wifi.dir/src/mqtt.c.o (strncpy)
/usr/lib/gcc/arm-none-eabi/13.2.1/../../../arm-none-eabi/lib/thumb/v6-m/nofp/libg.a(libc_a-strcmp.o)
                              CMakeFiles/wifi.dir/src/mqtt.c.o (strcmp)
/usr/lib/gcc/arm-none-eabi/13.2.1/../../../arm-none-eabi/lib/thumb/v6-m/nofp/libg.a(libc_a-strncmp.o)
                              CMakeFiles/wifi.dir/pico-sdk/lib/lwip/src/core/def.c.o (strncmp)
/usr/lib/gcc/arm-none-eabi/13.2.1/../../../arm-none-eabi/lib/thumb/v6-m/nofp/libg.a(libc_a-memmove.o)
                              CMakeFiles/wifi.dir/pico-sdk/lib/lwip/src/core/def.c.o (memmove)
/usr/lib/gcc/arm-none-eabi/13.2.1/../../../arm-none-eabi/lib/thumb/v6-m/nofp/libg.a(libc_a-calloc.o)
                              CMakeFiles/wifi.dir/pico-sdk/src/rp2_common/pico_malloc/malloc.c.o (calloc)
/usr/lib/gcc/arm-none-eabi/13.2.1/../../../arm-none-eabi/lib/thumb/v6-m/nofp/libg.a(libc_a-impure.o)
                              /usr/lib/gcc/arm-none-eabi/13.2.1/../../../arm-none-eabi/lib/thumb/v6-m/nofp/libg.a(libc_a-calloc.o) (_impure_ptr)
/usr/lib/gcc/arm-none-eabi/13.2.1/../../../arm-none-eabi/lib/thumb/v6-m/nofp/libg.a(libc_a-callocr.o)
                              /usr/lib/gcc/arm-none-eabi/13.2.1/../../../arm-none-eabi/lib/thumb/v6-m/nofp/libg.a(libc_a-calloc.o) (_calloc_r)
/usr/lib/gcc/arm-none-eabi/13.2.1/../../../arm-none-eabi/lib/thumb/v6-m/nofp/libg.a(libc_a-realloc.o)
                              CMakeFiles/wifi.dir/pico-sdk/src/rp2_common/pico_malloc/malloc.c.o (realloc)
/usr/lib/gcc/arm-none-eabi/13.2.1/../../../arm-none-eabi/lib/thumb/v6-m/nofp/libg.a(libc_a-mallocr.o)
                              /usr/lib/gcc/arm-none-eabi/13.2.1/../../../arm-none-eabi/lib/thumb/v6-m/nofp/libg.a(libc_a-callocr.o) (_malloc_r)
/usr/lib/gcc/arm-none-eabi/13.2.1/../../../arm-none-eabi/lib/thumb/v6-m/nofp/libg.a(libc_a-freer.o)
                              /usr/lib/gcc/arm-none-eabi/13.2.1/../../../arm-none-eabi/lib/thumb/v6-m/nofp/libg.a(libc_a-mallocr.o) (_free_r)
/usr/lib/gcc/arm-none-eabi/13.2.1/../../../arm-none-eabi/lib/thumb/v6-m/nofp/libg.a(libc_a-memcmp.o)
                              CMakeFiles/wifi.dir/pico-sdk/lib/lwip/src/netif/ethernet.c.o (memcmp)
/usr/lib/gcc/arm-none-eabi/13.2.1/../../../arm-none-eabi/lib/thumb/v6-m/nofp/libg.a(libc_a-atoi.o)
                              CMakeFiles/wifi.dir/pico-sdk/lib/lwip/src/core/netif.c.o (atoi)
/usr/lib/gcc/arm-none-eabi/13.2.1/../../../arm-none-eabi/lib/thumb/v6-m/nofp/libg.a(libc_a-strtol.o)
                              /usr/lib/gcc/arm-none-eabi/13.2.1/../../../arm-none-eabi/lib/thumb/v6-m/nofp/libg.a(libc_a-atoi.o) (_strtol_r)
/usr/lib/gcc/arm-none-eabi/13.2.1/../../../arm-none-eabi/lib/thumb/v6-m/nofp/libg.a(libc_a-malloc.o)
                              CMakeFiles/wifi.dir/pico-sdk/src/rp2_common/pico_malloc/malloc.c.o (malloc)
/usr/lib/gcc/arm-none-eabi/13.2.1/../../../arm-none-eabi/lib/thumb/v6-m/nofp/libg.a(libc_a-sysconf.o)
                              /usr/lib/gcc/arm-none-eabi/13.2.1/../../../arm-none-eabi/lib/thumb/v6-m/nofp/libg.a(libc_a-mallocr.o) (sysconf)
/usr/lib/gcc/arm-none-eabi/13.2.1/../../../arm-none-eabi/lib/thumb/v6-m/nofp/libg.a(libc_a-init.o)
                              /usr/lib/gcc/arm-none-eabi/13.2.1/../../../arm-none-eabi/lib/thumb/v6-m/nofp/crt0.o (__libc_init_array)
/usr/lib/gcc/arm-none-eabi/13.2.1/../../../arm-none-eabi/lib/thumb/v6-m/nofp/libg.a(libc_a-reallocr.o)
                              /usr/lib/gcc/arm-none-eabi/13.2.1/../../../arm-none-eabi/lib/thumb/v6-m/nofp/libg.a(libc_a-realloc.o) (_realloc_r)
/usr/lib/gcc/arm-none-eabi/13.2.1/../../../arm-none-eabi/lib/thumb/v6-m/nofp/libg.a(libc_a-mktime.o)
                              CMakeFiles/wifi.dir/pico-sdk/src/common/pico_util/datetime.c.o (mktime)
/usr/lib/gcc/arm-none-eabi/13.2.1/../../../arm-none-eabi/lib/thumb/v6-m/nofp/libg.a(libc_a-mlock.o)
                              /usr/lib/gcc/arm-none-eabi/13.2.1/../../../arm-none-eabi/lib/thumb/v6-m/nofp/libg.a(libc_a-mallocr.o) (__malloc_lock)
/usr/lib/gcc/arm-none-eabi/13.2.1/../../../arm-none-eabi/lib/thumb/v6-m/nofp/libg.a(libc_a-findfp.o)
                              /usr/lib/gcc/arm-none-eabi/13.2.1/../../../arm-none-eabi/lib/thumb/v6-m/nofp/libg.a(libc_a-impure.o) (__sf)
/usr/lib/gcc/arm-none-eabi/13.2.1/../../../arm-none-eabi/lib/thumb/v6-m/nofp/libg.a(libc_a-tzlock.o)
                              /usr/lib/gcc/arm-none-eabi/13.2.1/../../../arm-none-eabi/lib/thumb/v6-m/nofp/libg.a(libc_a-mktime.o) (__tz_lock)
/usr/lib/gcc/arm-none-eabi/13.2.1/../../../arm-none-eabi/lib/thumb/v6-m/nofp/libg.a(libc_a-ctype_.o)
[...]
Memory Configuration

Name             Origin             Length             Attributes
FLASH            0x10000000         0x00200000         xr
RAM              0x20000000         0x00040000         xrw
SCRATCH_X        0x20040000         0x00001000         xrw
SCRATCH_Y        0x20041000         0x00001000         xrw
*default*        0x00000000         0xffffffff

Linker script and memory map

LOAD /usr/lib/gcc/arm-none-eabi/13.2.1/thumb/v6-m/nofp/crti.o
LOAD /usr/lib/gcc/arm-none-eabi/13.2.1/thumb/v6-m/nofp/crtbegin.o
LOAD /usr/lib/gcc/arm-none-eabi/13.2.1/../../../arm-none-eabi/lib/thumb/v6-m/nofp/crt0.o

.flash_begin    0x10000000        0x0
                0x10000000                        __flash_binary_start = .

.boot2          0x10000000      0x100
                0x10000000                        __boot2_start__ = .
 *(.boot2)
 .boot2         0x10000000      0x100 pico-sdk/src/rp2040/boot_stage2/CMakeFiles/bs2_default_library.dir/bs2_default_padded_checksummed.S.o
                0x10000100                        __boot2_end__ = .
                0x00000001                        ASSERT (((__boot2_end__ - __boot2_start__) == 0x100), ERROR: Pico second stage bootloader must be 256 bytes in size)

.text           0x10000100    0x18650
                0x10000100                        __logical_binary_start = .
 *(.vectors)
 .vectors       0x10000100       0xd4 CMakeFiles/wifi.dir/pico-sdk/src/rp2_common/pico_crt0/crt0.S.o
                0x10000100                __vectors
                0x10000100                __VECTOR_TABLE
                0x100001c0                isr_invalid
                0x100001c0                __default_isrs_start
                0x100001c2                isr_nmi
                0x100001c4                isr_hardfault
                0x100001c6                isr_svcall
                0x100001c8                isr_pendsv
                0x100001ca                isr_systick
                0x100001cc                isr_irq30
                0x100001cc                __unhandled_user_irq
                0x100001cc                isr_irq13
                0x100001cc                isr_irq27
                0x100001cc                isr_irq31
                0x100001cc                isr_irq5
                0x100001cc                isr_irq11
                0x100001cc                isr_irq23
                0x100001cc                isr_irq18
                0x100001cc                isr_irq28
                0x100001cc                isr_irq19
                0x100001cc                isr_irq0
                0x100001cc                isr_irq6
                0x100001cc                isr_irq22
                0x100001cc                isr_irq17
                0x100001cc                isr_irq14
                0x100001cc                isr_irq2
                0x100001cc                isr_irq10
                0x100001cc                isr_irq8
                0x100001cc                isr_irq24
                0x100001cc                isr_irq1
                0x100001cc                isr_irq7
                0x100001cc                isr_irq21
                0x100001cc                isr_irq20
                0x100001cc                isr_irq15
                0x100001cc                isr_irq25
                0x100001cc                isr_irq4
                0x100001cc                isr_irq16
                0x100001cc                isr_irq29
                0x100001cc                isr_irq26
                0x100001cc                __default_isrs_end
                0x100001cc                isr_irq3
                0x100001cc                isr_irq12
                0x100001cc                isr_irq9
                0x100001d2                unhandled_user_irq_num_in_r0
 *(.binary_info_header)
 .binary_info_header
                0x100001d4       0x14 CMakeFiles/wifi.dir/pico-sdk/src/rp2_common/pico_crt0/crt0.S.o
                0x100001e8                        __binary_info_header_end = .
 *(.embedded_block)
                0x100001e8                        __embedded_block_end = .
 *(.reset)
 .reset         0x100001e8       0x9c CMakeFiles/wifi.dir/pico-sdk/src/rp2_common/pico_crt0/crt0.S.o
                0x100001e8                _entry_point
 *(.init)
 .init          0x10000284        0x4 /usr/lib/gcc/arm-none-eabi/13.2.1/thumb/v6-m/nofp/crti.o
                0x10000284                _init
 *(EXCLUDE_FILE(*libm.a: *libc.a:*lib_a-mem*.o *libgcc.a:) .text*)
 .text          0x10000288       0x98 /usr/lib/gcc/arm-none-eabi/13.2.1/thumb/v6-m/nofp/crtbegin.o
 .text.startup.main
                0x10000320      0x140 CMakeFiles/wifi.dir/src/main.c.o
                0x10000320                main
 .text.init_ultrasonic_sensor
                0x10000460       0x24 CMakeFiles/wifi.dir/src/sensor.c.o
                0x10000460                init_ultrasonic_sensor
 .text.measure_distance
                0x10000484       0x64 CMakeFiles/wifi.dir/src/sensor.c.o
                0x10000484                measure_distance
 .text.init_leds
                0x100004e8       0x28 CMakeFiles/wifi.dir/src/led.c.o
                0x100004e8                init_leds
 .text.update_leds_and_buzzer
                0x10000510       0x70 CMakeFiles/wifi.dir/src/led.c.o
                0x10000510                update_leds_and_buzzer
 .text.init_buzzer
                0x10000580       0x14 CMakeFiles/wifi.dir/src/buzzer.c.o
                0x10000580                init_buzzer
 .text.buzz_short
                0x10000594       0x14 CMakeFiles/wifi.dir/src/buzzer.c.o
                0x10000594                buzz_short
 .text.buzz_long
                0x100005a8        0xc CMakeFiles/wifi.dir/src/buzzer.c.o
                0x100005a8                buzz_long
 .text.buzz_off
                0x100005b4        0xc CMakeFiles/wifi.dir/src/buzzer.c.o
                0x100005b4                buzz_off
 .text.connect_to_wifi
                0x100005c0       0xb8 CMakeFiles/wifi.dir/src/wifi.c.o
                0x100005c0                connect_to_wifi
 .text.mqtt_incoming_publish_cb
                0x10000678       0x10 CMakeFiles/wifi.dir/src/mqtt.c.o
 .text.mqtt_incoming_data_cb
                0x10000688       0xac CMakeFiles/wifi.dir/src/mqtt.c.o
 .text.mqtt_publish_cb
                0x10000734       0x20 CMakeFiles/wifi.dir/src/mqtt.c.o
 .text.mqtt_connection_cb
                0x10000754       0xcc CMakeFiles/wifi.dir/src/mqtt.c.o
 .text.setup_mqtt_client
                0x10000820       0x5c CMakeFiles/wifi.dir/src/mqtt.c.o
                0x10000820                setup_mqtt_client
 .text.publish_distance
                0x1000087c       0x64 CMakeFiles/wifi.dir/src/mqtt.c.o
                0x1000087c                publish_distance
 .text.lwip_timeout_reached
                0x100008e0        0x8 CMakeFiles/wifi.dir/pico-sdk/src/rp2_common/pico_lwip/lwip_nosys.c.o
 .text.update_next_timeout
                0x100008e8       0x60 CMakeFiles/wifi.dir/pico-sdk/src/rp2_common/pico_lwip/lwip_nosys.c.o
 .text.lwip_nosys_init
                0x10000948       0x30 CMakeFiles/wifi.dir/pico-sdk/src/rp2_common/pico_lwip/lwip_nosys.c.o
                0x10000948                lwip_nosys_init
 .text.lwip_nosys_deinit
                0x10000978       0x20 CMakeFiles/wifi.dir/pico-sdk/src/rp2_common/pico_lwip/lwip_nosys.c.o
                0x10000978                lwip_nosys_deinit
 .text.sys_arch_protect
                0x10000998        0x4 CMakeFiles/wifi.dir/pico-sdk/src/rp2_common/pico_lwip/lwip_nosys.c.o
                0x10000998                sys_arch_protect
 .text.sys_arch_unprotect
                0x1000099c        0x4 CMakeFiles/wifi.dir/pico-sdk/src/rp2_common/pico_lwip/lwip_nosys.c.o
                0x1000099c                sys_arch_unprotect
 .text.sys_now  0x100009a0       0x20 CMakeFiles/wifi.dir/pico-sdk/src/rp2_common/pico_lwip/lwip_nosys.c.o
                0x100009a0                sys_now
 .text.async_context_base_add_at_time_worker
                0x100009c0       0x24 CMakeFiles/wifi.dir/pico-sdk/src/rp2_common/pico_async_context/async_context_base.c.o
                0x100009c0                async_context_base_add_at_time_worker
 .text.async_context_base_remove_at_time_worker
                0x100009e4       0x28 CMakeFiles/wifi.dir/pico-sdk/src/rp2_common/pico_async_context/async_context_base.c.o
                0x100009e4                async_context_base_remove_at_time_worker
 .text.async_context_base_add_when_pending_worker
                0x10000a0c       0x24 CMakeFiles/wifi.dir/pico-sdk/src/rp2_common/pico_async_context/async_context_base.c.o
                0x10000a0c                async_context_base_add_when_pending_worker
 .text.async_context_base_remove_when_pending_worker
                0x10000a30       0x28 CMakeFiles/wifi.dir/pico-sdk/src/rp2_common/pico_async_context/async_context_base.c.o
                0x10000a30                async_context_base_remove_when_pending_worker
 .text.async_context_base_execute_once
                0x10000a58      0x108 CMakeFiles/wifi.dir/pico-sdk/src/rp2_common/pico_async_context/async_context_base.c.o
                0x10000a58                async_context_base_execute_once
 .text.rp2040_chip_version
                0x10000b60        0xc CMakeFiles/wifi.dir/pico-sdk/src/rp2040/pico_platform/platform.c.o
                0x10000b60                rp2040_chip_version
 .text.panic    0x10000b6c       0x30 CMakeFiles/wifi.dir/pico-sdk/src/rp2_common/pico_platform_panic/panic.c.o
                0x10000b6c                panic
 .text.splitmix64
                0x10000b9c       0x58 CMakeFiles/wifi.dir/pico-sdk/src/rp2_common/pico_rand/rand.c.o
 .text.xoroshiro128ss
                0x10000bf4       0x90 CMakeFiles/wifi.dir/pico-sdk/src/rp2_common/pico_rand/rand.c.o
 .text.get_rand_64
                0x10000c84      0x4a4 CMakeFiles/wifi.dir/pico-sdk/src/rp2_common/pico_rand/rand.c.o
                0x10000c84                get_rand_64
 .text.get_rand_32
                0x10001128        0x8 CMakeFiles/wifi.dir/pico-sdk/src/rp2_common/pico_rand/rand.c.o
                0x10001128                get_rand_32
 .text.startup._retrieve_unique_id_on_boot
                0x10001130       0x10 CMakeFiles/wifi.dir/pico-sdk/src/rp2_common/pico_unique_id/unique_id.c.o
 .text.pico_get_unique_board_id
                0x10001140       0x10 CMakeFiles/wifi.dir/pico-sdk/src/rp2_common/pico_unique_id/unique_id.c.o
                0x10001140                pico_get_unique_board_id
 .text.pico_get_unique_board_id_string
                0x10001150      0x1a8 CMakeFiles/wifi.dir/pico-sdk/src/rp2_common/pico_unique_id/unique_id.c.o
                0x10001150                pico_get_unique_board_id_string
 .text.flash_get_unique_id
                0x100012f8       0x3c CMakeFiles/wifi.dir/pico-sdk/src/rp2_common/hardware_flash/flash.c.o
                0x100012f8                flash_get_unique_id
 .text.hw_claim_lock
                0x10001334       0x18 CMakeFiles/wifi.dir/pico-sdk/src/common/hardware_claim/claim.c.o
                0x10001334                hw_claim_lock
 .text.hw_claim_unlock
                0x1000134c       0x14 CMakeFiles/wifi.dir/pico-sdk/src/common/hardware_claim/claim.c.o
                0x1000134c                hw_claim_unlock
 .text.hw_claim_or_assert
                0x10001360       0x44 CMakeFiles/wifi.dir/pico-sdk/src/common/hardware_claim/claim.c.o
                0x10001360                hw_claim_or_assert
 .text.hw_claim_unused_from_range
                0x100013a4       0x9c CMakeFiles/wifi.dir/pico-sdk/src/common/hardware_claim/claim.c.o
                0x100013a4                hw_claim_unused_from_range
 .text.hw_claim_clear
                0x10001440       0x38 CMakeFiles/wifi.dir/pico-sdk/src/common/hardware_claim/claim.c.o
                0x10001440                hw_claim_clear
 .text.next_striped_spin_lock_num
                0x10001478       0x18 CMakeFiles/wifi.dir/pico-sdk/src/rp2_common/hardware_sync/sync.c.o
                0x10001478                next_striped_spin_lock_num
 .text.spin_lock_claim_unused
                0x10001490       0x24 CMakeFiles/wifi.dir/pico-sdk/src/rp2_common/hardware_sync/sync.c.o
                0x10001490                spin_lock_claim_unused
 .text.spin_locks_reset
                0x100014b4       0x1c CMakeFiles/wifi.dir/pico-sdk/src/rp2_common/hardware_sync_spin_lock/sync_spin_lock.c.o
                0x100014b4                spin_locks_reset
 .text.rom_func_lookup
                0x100014d0       0x10 CMakeFiles/wifi.dir/pico-sdk/src/rp2_common/pico_bootrom/bootrom.c.o
                0x100014d0                rom_func_lookup
 .text.rom_data_lookup
                0x100014e0       0x10 CMakeFiles/wifi.dir/pico-sdk/src/rp2_common/pico_bootrom/bootrom.c.o
                0x100014e0                rom_data_lookup
 .text.rom_funcs_lookup
                0x100014f0       0x44 CMakeFiles/wifi.dir/pico-sdk/src/rp2_common/pico_bootrom/bootrom.c.o
                0x100014f0                rom_funcs_lookup
 .text.rom_reset_usb_boot_extra
                0x10001534       0x28 CMakeFiles/wifi.dir/pico-sdk/src/rp2_common/pico_bootrom/bootrom.c.o
                0x10001534                rom_reset_usb_boot_extra
 .text.sleep_until_callback
                0x1000155c       0x30 CMakeFiles/wifi.dir/pico-sdk/src/common/pico_time/time.c.o
 .text.alarm_pool_irq_handler
                0x1000158c      0x2fc CMakeFiles/wifi.dir/pico-sdk/src/common/pico_time/time.c.o
 .text.runtime_init_default_alarm_pool
                0x10001888       0xdc CMakeFiles/wifi.dir/pico-sdk/src/common/pico_time/time.c.o
                0x10001888                runtime_init_default_alarm_pool
 .text.alarm_pool_get_default
                0x10001964        0x8 CMakeFiles/wifi.dir/pico-sdk/src/common/pico_time/time.c.o
                0x10001964                alarm_pool_get_default
 .text.alarm_pool_add_alarm_at
                0x1000196c       0xd4 CMakeFiles/wifi.dir/pico-sdk/src/common/pico_time/time.c.o
                0x1000196c                alarm_pool_add_alarm_at
 .text.alarm_pool_add_alarm_at_force_in_context
                0x10001a40       0xb0 CMakeFiles/wifi.dir/pico-sdk/src/common/pico_time/time.c.o
                0x10001a40                alarm_pool_add_alarm_at_force_in_context
 .text.alarm_pool_cancel_alarm
                0x10001af0       0x74 CMakeFiles/wifi.dir/pico-sdk/src/common/pico_time/time.c.o
                0x10001af0                alarm_pool_cancel_alarm
 .text.alarm_pool_core_num
                0x10001b64        0x4 CMakeFiles/wifi.dir/pico-sdk/src/common/pico_time/time.c.o
                0x10001b64                alarm_pool_core_num
 .text.sleep_until
                0x10001b68       0xd8 CMakeFiles/wifi.dir/pico-sdk/src/common/pico_time/time.c.o
                0x10001b68                sleep_until
 .text.sleep_us
                0x10001c40       0x28 CMakeFiles/wifi.dir/pico-sdk/src/common/pico_time/time.c.o
                0x10001c40                sleep_us
 .text.sleep_ms
                0x10001c68       0x38 CMakeFiles/wifi.dir/pico-sdk/src/common/pico_time/time.c.o
                0x10001c68                sleep_ms
 .text.best_effort_wfe_or_timeout
                0x10001ca0       0xf8 CMakeFiles/wifi.dir/pico-sdk/src/common/pico_time/time.c.o
                0x10001ca0                best_effort_wfe_or_timeout
 .text.timer_hardware_alarm_claim
                0x10001d98       0x14 CMakeFiles/wifi.dir/pico-sdk/src/rp2_common/hardware_timer/timer.c.o
                0x10001d98                timer_hardware_alarm_claim
 .text.timer_time_us_64
                0x10001dac       0x10 CMakeFiles/wifi.dir/pico-sdk/src/rp2_common/hardware_timer/timer.c.o
                0x10001dac                timer_time_us_64
 .text.time_us_64
                0x10001dbc       0x14 CMakeFiles/wifi.dir/pico-sdk/src/rp2_common/hardware_timer/timer.c.o
                0x10001dbc                time_us_64
 .text.busy_wait_until
                0x10001dd0       0x20 CMakeFiles/wifi.dir/pico-sdk/src/rp2_common/hardware_timer/timer.c.o
                0x10001dd0                busy_wait_until
 .text.runtime_init_per_core_irq_priorities
                0x10001df0       0x24 CMakeFiles/wifi.dir/pico-sdk/src/rp2_common/hardware_irq/irq.c.o
                0x10001df0                runtime_init_per_core_irq_priorities
 .text.irq_set_enabled
                0x10001e14       0x24 CMakeFiles/wifi.dir/pico-sdk/src/rp2_common/hardware_irq/irq.c.o
                0x10001e14                irq_set_enabled
 .text.irq_is_enabled
                0x10001e38       0x18 CMakeFiles/wifi.dir/pico-sdk/src/rp2_common/hardware_irq/irq.c.o
                0x10001e38                irq_is_enabled
 .text.irq_set_pending
                0x10001e50       0x10 CMakeFiles/wifi.dir/pico-sdk/src/rp2_common/hardware_irq/irq.c.o
                0x10001e50                irq_set_pending
 .text.irq_has_shared_handler
                0x10001e60       0x24 CMakeFiles/wifi.dir/pico-sdk/src/rp2_common/hardware_irq/irq.c.o
                0x10001e60                irq_has_shared_handler
 .text.irq_set_exclusive_handler
                0x10001e84       0x54 CMakeFiles/wifi.dir/pico-sdk/src/rp2_common/hardware_irq/irq.c.o
                0x10001e84                irq_set_exclusive_handler
 .text.irq_add_shared_handler
                0x10001ed8      0x1f4 CMakeFiles/wifi.dir/pico-sdk/src/rp2_common/hardware_irq/irq.c.o
                0x10001ed8                irq_add_shared_handler
 .text.irq_remove_handler
                0x100020cc      0x1d4 CMakeFiles/wifi.dir/pico-sdk/src/rp2_common/hardware_irq/irq.c.o
                0x100020cc                irq_remove_handler
 .text.irq_set_priority
                0x100022a0       0x28 CMakeFiles/wifi.dir/pico-sdk/src/rp2_common/hardware_irq/irq.c.o
                0x100022a0                irq_set_priority
 .text.irq_add_tail_to_free_list
                0x100022c8       0xb4 CMakeFiles/wifi.dir/pico-sdk/src/rp2_common/hardware_irq/irq.c.o
                0x100022c8                irq_add_tail_to_free_list
 .text.user_irq_unclaim
                0x1000237c       0x14 CMakeFiles/wifi.dir/pico-sdk/src/rp2_common/hardware_irq/irq.c.o
                0x1000237c                user_irq_unclaim
 .text.user_irq_claim_unused
                0x10002390       0x2c CMakeFiles/wifi.dir/pico-sdk/src/rp2_common/hardware_irq/irq.c.o
                0x10002390                user_irq_claim_unused
 .text.sem_init
                0x100023bc       0x20 CMakeFiles/wifi.dir/pico-sdk/src/common/pico_sync/sem.c.o
                0x100023bc                sem_init
 .text.lock_init
                0x100023dc       0x10 CMakeFiles/wifi.dir/pico-sdk/src/common/pico_sync/lock_core.c.o
                0x100023dc                lock_init
 .text.runtime_init_mutex
                0x100023ec       0x50 CMakeFiles/wifi.dir/pico-sdk/src/common/pico_sync/mutex.c.o
                0x100023ec                runtime_init_mutex
 .text.mutex_init
                0x1000243c       0x1c CMakeFiles/wifi.dir/pico-sdk/src/common/pico_sync/mutex.c.o
                0x1000243c                mutex_init
 .text.recursive_mutex_init
                0x10002458       0x1c CMakeFiles/wifi.dir/pico-sdk/src/common/pico_sync/mutex.c.o
                0x10002458                recursive_mutex_init
 .text.critical_section_init
                0x10002474       0x1c CMakeFiles/wifi.dir/pico-sdk/src/common/pico_sync/critical_section.c.o
                0x10002474                critical_section_init
 .text.critical_section_init_with_lock_num
                0x10002490       0x14 CMakeFiles/wifi.dir/pico-sdk/src/common/pico_sync/critical_section.c.o
                0x10002490                critical_section_init_with_lock_num
 .text.clock_configure_int_divider
                0x100024a4       0xf4 CMakeFiles/wifi.dir/pico-sdk/src/rp2_common/hardware_clocks/clocks.c.o
                0x100024a4                clock_configure_int_divider
 .text.clock_configure_undivided
                0x10002598       0xe8 CMakeFiles/wifi.dir/pico-sdk/src/rp2_common/hardware_clocks/clocks.c.o
                0x10002598                clock_configure_undivided
 .text.clock_get_hz
                0x10002680        0xc CMakeFiles/wifi.dir/pico-sdk/src/rp2_common/hardware_clocks/clocks.c.o
                0x10002680                clock_get_hz
 .text.gpio_set_function
                0x1000268c       0x34 CMakeFiles/wifi.dir/pico-sdk/src/rp2_common/hardware_gpio/gpio.c.o
                0x1000268c                gpio_set_function
 .text.gpio_set_pulls
                0x100026c0       0x28 CMakeFiles/wifi.dir/pico-sdk/src/rp2_common/hardware_gpio/gpio.c.o
                0x100026c0                gpio_set_pulls
 .text.gpio_set_input_hysteresis_enabled
                0x100026e8       0x28 CMakeFiles/wifi.dir/pico-sdk/src/rp2_common/hardware_gpio/gpio.c.o
                0x100026e8                gpio_set_input_hysteresis_enabled
 .text.gpio_set_irq_enabled
                0x10002710       0x58 CMakeFiles/wifi.dir/pico-sdk/src/rp2_common/hardware_gpio/gpio.c.o
                0x10002710                gpio_set_irq_enabled
 .text.gpio_add_raw_irq_handler_with_order_priority_masked
                0x10002768       0x44 CMakeFiles/wifi.dir/pico-sdk/src/rp2_common/hardware_gpio/gpio.c.o
                0x10002768                gpio_add_raw_irq_handler_with_order_priority_masked
 .text.gpio_remove_raw_irq_handler_masked
                0x100027ac       0x20 CMakeFiles/wifi.dir/pico-sdk/src/rp2_common/hardware_gpio/gpio.c.o
                0x100027ac                gpio_remove_raw_irq_handler_masked
 .text.gpio_init
                0x100027cc       0x40 CMakeFiles/wifi.dir/pico-sdk/src/rp2_common/hardware_gpio/gpio.c.o
                0x100027cc                gpio_init
 .text.pll_init
                0x1000280c       0xa4 CMakeFiles/wifi.dir/pico-sdk/src/rp2_common/hardware_pll/pll.c.o
                0x1000280c                pll_init
 .text.watchdog_reboot
                0x100028b0       0x9c CMakeFiles/wifi.dir/pico-sdk/src/rp2_common/hardware_watchdog/watchdog.c.o
                0x100028b0                watchdog_reboot
 .text.tick_start
                0x1000294c       0x10 CMakeFiles/wifi.dir/pico-sdk/src/rp2_common/hardware_ticks/ticks.c.o
                0x1000294c                tick_start
 .text.xosc_init
                0x1000295c       0x28 CMakeFiles/wifi.dir/pico-sdk/src/rp2_common/hardware_xosc/xosc.c.o
                0x1000295c                xosc_init
 .text.lwip_init
                0x10002984       0x24 CMakeFiles/wifi.dir/pico-sdk/lib/lwip/src/core/init.c.o
                0x10002984                lwip_init
 .text.lwip_htons
                0x100029a8        0x8 CMakeFiles/wifi.dir/pico-sdk/lib/lwip/src/core/def.c.o
                0x100029a8                lwip_htons
 .text.lwip_htonl
                0x100029b0        0x4 CMakeFiles/wifi.dir/pico-sdk/lib/lwip/src/core/def.c.o
                0x100029b0                lwip_htonl
 .text.dns_call_found
                0x100029b4      0x184 CMakeFiles/wifi.dir/pico-sdk/lib/lwip/src/core/dns.c.o
 .text.dns_send.isra.0
                0x10002b38      0x174 CMakeFiles/wifi.dir/pico-sdk/lib/lwip/src/core/dns.c.o
 .text.dns_init
                0x10002cac        0x4 CMakeFiles/wifi.dir/pico-sdk/lib/lwip/src/core/dns.c.o
                0x10002cac                dns_init
 .text.dns_setserver
                0x10002cb0       0x24 CMakeFiles/wifi.dir/pico-sdk/lib/lwip/src/core/dns.c.o
                0x10002cb0                dns_setserver
 .text.dns_tmr  0x10002cd4      0x140 CMakeFiles/wifi.dir/pico-sdk/lib/lwip/src/core/dns.c.o
                0x10002cd4                dns_tmr
 .text.lwip_standard_chksum
                0x10002e14       0xdc CMakeFiles/wifi.dir/pico-sdk/lib/lwip/src/core/inet_chksum.c.o
                0x10002e14                lwip_standard_chksum
 .text.inet_chksum_pseudo
                0x10002ef0       0xbc CMakeFiles/wifi.dir/pico-sdk/lib/lwip/src/core/inet_chksum.c.o
                0x10002ef0                inet_chksum_pseudo
 .text.ip_chksum_pseudo
                0x10002fac       0x10 CMakeFiles/wifi.dir/pico-sdk/lib/lwip/src/core/inet_chksum.c.o
                0x10002fac                ip_chksum_pseudo
 .text.inet_chksum
                0x10002fbc        0xc CMakeFiles/wifi.dir/pico-sdk/lib/lwip/src/core/inet_chksum.c.o
                0x10002fbc                inet_chksum
 .text.inet_chksum_pbuf
                0x10002fc8       0x78 CMakeFiles/wifi.dir/pico-sdk/lib/lwip/src/core/inet_chksum.c.o
                0x10002fc8                inet_chksum_pbuf
 .text.mem_init
                0x10003040       0x3c CMakeFiles/wifi.dir/pico-sdk/lib/lwip/src/core/mem.c.o
                0x10003040                mem_init
 .text.mem_free
                0x1000307c      0x130 CMakeFiles/wifi.dir/pico-sdk/lib/lwip/src/core/mem.c.o
                0x1000307c                mem_free
 .text.mem_trim
                0x100031ac      0x104 CMakeFiles/wifi.dir/pico-sdk/lib/lwip/src/core/mem.c.o
                0x100031ac                mem_trim
 .text.mem_malloc
                0x100032b0      0x124 CMakeFiles/wifi.dir/pico-sdk/lib/lwip/src/core/mem.c.o
                0x100032b0                mem_malloc
 .text.mem_calloc
                0x100033d4       0x28 CMakeFiles/wifi.dir/pico-sdk/lib/lwip/src/core/mem.c.o
                0x100033d4                mem_calloc
 .text.memp_init
                0x100033fc       0x6c CMakeFiles/wifi.dir/pico-sdk/lib/lwip/src/core/memp.c.o
                0x100033fc                memp_init
 .text.memp_malloc
                0x10003468       0x40 CMakeFiles/wifi.dir/pico-sdk/lib/lwip/src/core/memp.c.o
                0x10003468                memp_malloc
 .text.memp_free
                0x100034a8       0x38 CMakeFiles/wifi.dir/pico-sdk/lib/lwip/src/core/memp.c.o
                0x100034a8                memp_free
 .text.netif_null_output_ip4
                0x100034e0        0x8 CMakeFiles/wifi.dir/pico-sdk/lib/lwip/src/core/netif.c.o
 .text.netif_do_set_ipaddr.isra.0
                0x100034e8       0x60 CMakeFiles/wifi.dir/pico-sdk/lib/lwip/src/core/netif.c.o
 .text.netif_init
                0x10003548        0x4 CMakeFiles/wifi.dir/pico-sdk/lib/lwip/src/core/netif.c.o
                0x10003548                netif_init
 .text.netif_add
                0x1000354c      0x16c CMakeFiles/wifi.dir/pico-sdk/lib/lwip/src/core/netif.c.o
                0x1000354c                netif_add
 .text.netif_set_addr
                0x100036b8       0xb4 CMakeFiles/wifi.dir/pico-sdk/lib/lwip/src/core/netif.c.o
                0x100036b8                netif_set_addr
 .text.netif_remove
                0x1000376c       0x94 CMakeFiles/wifi.dir/pico-sdk/lib/lwip/src/core/netif.c.o
                0x1000376c                netif_remove
 .text.netif_set_default
                0x10003800        0xc CMakeFiles/wifi.dir/pico-sdk/lib/lwip/src/core/netif.c.o
                0x10003800                netif_set_default
 .text.netif_set_up
                0x1000380c       0x40 CMakeFiles/wifi.dir/pico-sdk/lib/lwip/src/core/netif.c.o
                0x1000380c                netif_set_up
 .text.netif_set_link_up
                0x1000384c       0x44 CMakeFiles/wifi.dir/pico-sdk/lib/lwip/src/core/netif.c.o
                0x1000384c                netif_set_link_up
 .text.netif_set_link_down
                0x10003890       0x20 CMakeFiles/wifi.dir/pico-sdk/lib/lwip/src/core/netif.c.o
                0x10003890                netif_set_link_down
 .text.netif_get_by_index
                0x100038b0       0x2c CMakeFiles/wifi.dir/pico-sdk/lib/lwip/src/core/netif.c.o
                0x100038b0                netif_get_by_index
 .text.pbuf_free.part.0
                0x100038dc       0x7c CMakeFiles/wifi.dir/pico-sdk/lib/lwip/src/core/pbuf.c.o
 .text.pbuf_free_ooseq
                0x10003958       0x34 CMakeFiles/wifi.dir/pico-sdk/lib/lwip/src/core/pbuf.c.o
                0x10003958                pbuf_free_ooseq
 .text.pbuf_alloc
                0x1000398c      0x134 CMakeFiles/wifi.dir/pico-sdk/lib/lwip/src/core/pbuf.c.o
                0x1000398c                pbuf_alloc
 .text.pbuf_realloc
                0x10003ac0       0x84 CMakeFiles/wifi.dir/pico-sdk/lib/lwip/src/core/pbuf.c.o
                0x10003ac0                pbuf_realloc
 .text.pbuf_add_header
                0x10003b44       0x50 CMakeFiles/wifi.dir/pico-sdk/lib/lwip/src/core/pbuf.c.o
                0x10003b44                pbuf_add_header
 .text.pbuf_remove_header
                0x10003b94       0x3c CMakeFiles/wifi.dir/pico-sdk/lib/lwip/src/core/pbuf.c.o
                0x10003b94                pbuf_remove_header
 .text.pbuf_header_force
                0x10003bd0       0x68 CMakeFiles/wifi.dir/pico-sdk/lib/lwip/src/core/pbuf.c.o
                0x10003bd0                pbuf_header_force
 .text.pbuf_free
                0x10003c38       0x18 CMakeFiles/wifi.dir/pico-sdk/lib/lwip/src/core/pbuf.c.o
                0x10003c38                pbuf_free
 .text.pbuf_clen
                0x10003c50       0x14 CMakeFiles/wifi.dir/pico-sdk/lib/lwip/src/core/pbuf.c.o
                0x10003c50                pbuf_clen
 .text.pbuf_ref
                0x10003c64       0x28 CMakeFiles/wifi.dir/pico-sdk/lib/lwip/src/core/pbuf.c.o
                0x10003c64                pbuf_ref
 .text.pbuf_cat
                0x10003c8c       0x44 CMakeFiles/wifi.dir/pico-sdk/lib/lwip/src/core/pbuf.c.o
                0x10003c8c                pbuf_cat
 .text.pbuf_chain
                0x10003cd0       0x64 CMakeFiles/wifi.dir/pico-sdk/lib/lwip/src/core/pbuf.c.o
                0x10003cd0                pbuf_chain
 .text.pbuf_copy_partial_pbuf
                0x10003d34      0x148 CMakeFiles/wifi.dir/pico-sdk/lib/lwip/src/core/pbuf.c.o
                0x10003d34                pbuf_copy_partial_pbuf
 .text.pbuf_copy
                0x10003e7c       0x18 CMakeFiles/wifi.dir/pico-sdk/lib/lwip/src/core/pbuf.c.o
                0x10003e7c                pbuf_copy
 .text.pbuf_copy_partial
                0x10003e94       0x68 CMakeFiles/wifi.dir/pico-sdk/lib/lwip/src/core/pbuf.c.o
                0x10003e94                pbuf_copy_partial
 .text.pbuf_get_contiguous
                0x10003efc       0x9c CMakeFiles/wifi.dir/pico-sdk/lib/lwip/src/core/pbuf.c.o
                0x10003efc                pbuf_get_contiguous
 .text.pbuf_take
                0x10003f98       0x78 CMakeFiles/wifi.dir/pico-sdk/lib/lwip/src/core/pbuf.c.o
                0x10003f98                pbuf_take
 .text.pbuf_take_at
                0x10004010       0xcc CMakeFiles/wifi.dir/pico-sdk/lib/lwip/src/core/pbuf.c.o
                0x10004010                pbuf_take_at
 .text.pbuf_clone
                0x100040dc       0x30 CMakeFiles/wifi.dir/pico-sdk/lib/lwip/src/core/pbuf.c.o
                0x100040dc                pbuf_clone
 .text.pbuf_get_at
                0x1000410c       0x20 CMakeFiles/wifi.dir/pico-sdk/lib/lwip/src/core/pbuf.c.o
                0x1000410c                pbuf_get_at
 .text.pbuf_put_at
                0x1000412c       0x1c CMakeFiles/wifi.dir/pico-sdk/lib/lwip/src/core/pbuf.c.o
                0x1000412c                pbuf_put_at
 .text.raw_input
                0x10004148      0x164 CMakeFiles/wifi.dir/pico-sdk/lib/lwip/src/core/raw.c.o
                0x10004148                raw_input
 .text.raw_netif_ip_addr_changed
                0x100042ac       0x40 CMakeFiles/wifi.dir/pico-sdk/lib/lwip/src/core/raw.c.o
                0x100042ac                raw_netif_ip_addr_changed
 .text.stats_init
                0x100042ec        0x4 CMakeFiles/wifi.dir/pico-sdk/lib/lwip/src/core/stats.c.o
                0x100042ec                stats_init
 .text.tcp_close_shutdown_fin
                0x100042f0       0x54 CMakeFiles/wifi.dir/pico-sdk/lib/lwip/src/core/tcp.c.o
 .text.tcp_pcb_purge.part.0
                0x10004344       0xc4 CMakeFiles/wifi.dir/pico-sdk/lib/lwip/src/core/tcp.c.o
 .text.tcp_init
                0x10004408       0x20 CMakeFiles/wifi.dir/pico-sdk/lib/lwip/src/core/tcp.c.o
                0x10004408                tcp_init
 .text.tcp_free
                0x10004428       0x1c CMakeFiles/wifi.dir/pico-sdk/lib/lwip/src/core/tcp.c.o
                0x10004428                tcp_free
 .text.tcp_bind
                0x10004444       0xf4 CMakeFiles/wifi.dir/pico-sdk/lib/lwip/src/core/tcp.c.o
                0x10004444                tcp_bind
 .text.tcp_update_rcv_ann_wnd
                0x10004538       0x58 CMakeFiles/wifi.dir/pico-sdk/lib/lwip/src/core/tcp.c.o
                0x10004538                tcp_update_rcv_ann_wnd
 .text.tcp_recved
                0x10004590       0x98 CMakeFiles/wifi.dir/pico-sdk/lib/lwip/src/core/tcp.c.o
                0x10004590                tcp_recved
 .text.tcp_connect
                0x10004628      0x1bc CMakeFiles/wifi.dir/pico-sdk/lib/lwip/src/core/tcp.c.o
                0x10004628                tcp_connect
 .text.tcp_slowtmr
                0x100047e4      0x524 CMakeFiles/wifi.dir/pico-sdk/lib/lwip/src/core/tcp.c.o
                0x100047e4                tcp_slowtmr
 .text.tcp_segs_free
                0x10004d08       0x38 CMakeFiles/wifi.dir/pico-sdk/lib/lwip/src/core/tcp.c.o
                0x10004d08                tcp_segs_free
 .text.tcp_seg_free
                0x10004d40       0x1c CMakeFiles/wifi.dir/pico-sdk/lib/lwip/src/core/tcp.c.o
                0x10004d40                tcp_seg_free
 .text.tcp_seg_copy
                0x10004d5c       0x2c CMakeFiles/wifi.dir/pico-sdk/lib/lwip/src/core/tcp.c.o
                0x10004d5c                tcp_seg_copy
 .text.tcp_arg  0x10004d88        0x8 CMakeFiles/wifi.dir/pico-sdk/lib/lwip/src/core/tcp.c.o
                0x10004d88                tcp_arg
 .text.tcp_recv
                0x10004d90       0x1c CMakeFiles/wifi.dir/pico-sdk/lib/lwip/src/core/tcp.c.o
                0x10004d90                tcp_recv
 .text.tcp_sent
                0x10004dac       0x1c CMakeFiles/wifi.dir/pico-sdk/lib/lwip/src/core/tcp.c.o
                0x10004dac                tcp_sent
 .text.tcp_err  0x10004dc8       0x1c CMakeFiles/wifi.dir/pico-sdk/lib/lwip/src/core/tcp.c.o
                0x10004dc8                tcp_err
 .text.tcp_poll
                0x10004de4       0x20 CMakeFiles/wifi.dir/pico-sdk/lib/lwip/src/core/tcp.c.o
                0x10004de4                tcp_poll
 .text.tcp_pcb_purge
                0x10004e04       0x18 CMakeFiles/wifi.dir/pico-sdk/lib/lwip/src/core/tcp.c.o
                0x10004e04                tcp_pcb_purge
 .text.tcp_pcb_remove
                0x10004e1c       0xc8 CMakeFiles/wifi.dir/pico-sdk/lib/lwip/src/core/tcp.c.o
                0x10004e1c                tcp_pcb_remove
 .text.tcp_abandon
                0x10004ee4      0x1a0 CMakeFiles/wifi.dir/pico-sdk/lib/lwip/src/core/tcp.c.o
                0x10004ee4                tcp_abandon
 .text.tcp_abort
                0x10005084        0xc CMakeFiles/wifi.dir/pico-sdk/lib/lwip/src/core/tcp.c.o
                0x10005084                tcp_abort
 .text.tcp_alloc
                0x10005090      0x1d4 CMakeFiles/wifi.dir/pico-sdk/lib/lwip/src/core/tcp.c.o
                0x10005090                tcp_alloc
 .text.tcp_new_ip_type
                0x10005264        0xc CMakeFiles/wifi.dir/pico-sdk/lib/lwip/src/core/tcp.c.o
                0x10005264                tcp_new_ip_type
 .text.tcp_close_shutdown
                0x10005270      0x188 CMakeFiles/wifi.dir/pico-sdk/lib/lwip/src/core/tcp.c.o
 .text.tcp_recv_null
                0x100053f8       0xcc CMakeFiles/wifi.dir/pico-sdk/lib/lwip/src/core/tcp.c.o
                0x100053f8                tcp_recv_null
 .text.tcp_process_refused_data
                0x100054c4       0x78 CMakeFiles/wifi.dir/pico-sdk/lib/lwip/src/core/tcp.c.o
                0x100054c4                tcp_process_refused_data
 .text.tcp_fasttmr
                0x1000553c       0x98 CMakeFiles/wifi.dir/pico-sdk/lib/lwip/src/core/tcp.c.o
                0x1000553c                tcp_fasttmr
 .text.tcp_tmr  0x100055d4       0x20 CMakeFiles/wifi.dir/pico-sdk/lib/lwip/src/core/tcp.c.o
                0x100055d4                tcp_tmr
 .text.tcp_close
                0x100055f4      0x170 CMakeFiles/wifi.dir/pico-sdk/lib/lwip/src/core/tcp.c.o
                0x100055f4                tcp_close
 .text.tcp_next_iss
                0x10005764       0x28 CMakeFiles/wifi.dir/pico-sdk/lib/lwip/src/core/tcp.c.o
                0x10005764                tcp_next_iss
 .text.tcp_eff_send_mss_netif
                0x1000578c       0x34 CMakeFiles/wifi.dir/pico-sdk/lib/lwip/src/core/tcp.c.o
                0x1000578c                tcp_eff_send_mss_netif
 .text.tcp_netif_ip_addr_changed
                0x100057c0       0x94 CMakeFiles/wifi.dir/pico-sdk/lib/lwip/src/core/tcp.c.o
                0x100057c0                tcp_netif_ip_addr_changed
 .text.tcp_free_ooseq
                0x10005854       0x40 CMakeFiles/wifi.dir/pico-sdk/lib/lwip/src/core/tcp.c.o
                0x10005854                tcp_free_ooseq
 .text.tcp_parseopt
                0x10005894      0x1bc CMakeFiles/wifi.dir/pico-sdk/lib/lwip/src/core/tcp_in.c.o
 .text.tcp_oos_insert_segment
                0x10005a50       0xdc CMakeFiles/wifi.dir/pico-sdk/lib/lwip/src/core/tcp_in.c.o
 .text.tcp_free_acked_segments.isra.0
                0x10005b2c       0xdc CMakeFiles/wifi.dir/pico-sdk/lib/lwip/src/core/tcp_in.c.o
 .text.tcp_receive
                0x10005c08      0xa00 CMakeFiles/wifi.dir/pico-sdk/lib/lwip/src/core/tcp_in.c.o
 .text.tcp_input
                0x10006608      0xe54 CMakeFiles/wifi.dir/pico-sdk/lib/lwip/src/core/tcp_in.c.o
                0x10006608                tcp_input
 .text.tcp_trigger_input_pcb_close
                0x1000745c       0x10 CMakeFiles/wifi.dir/pico-sdk/lib/lwip/src/core/tcp_in.c.o
                0x1000745c                tcp_trigger_input_pcb_close
 .text.tcp_create_segment
                0x1000746c       0xf8 CMakeFiles/wifi.dir/pico-sdk/lib/lwip/src/core/tcp_out.c.o
 .text.tcp_output_control_segment
                0x10007564       0xc0 CMakeFiles/wifi.dir/pico-sdk/lib/lwip/src/core/tcp_out.c.o
 .text.tcp_output_alloc_header.constprop.0
                0x10007624       0xc8 CMakeFiles/wifi.dir/pico-sdk/lib/lwip/src/core/tcp_out.c.o
 .text.tcp_write
                0x100076ec      0x468 CMakeFiles/wifi.dir/pico-sdk/lib/lwip/src/core/tcp_out.c.o
                0x100076ec                tcp_write
 .text.tcp_split_unsent_seg
                0x10007b54      0x1b4 CMakeFiles/wifi.dir/pico-sdk/lib/lwip/src/core/tcp_out.c.o
                0x10007b54                tcp_split_unsent_seg
 .text.tcp_send_fin
                0x10007d08      0x118 CMakeFiles/wifi.dir/pico-sdk/lib/lwip/src/core/tcp_out.c.o
                0x10007d08                tcp_send_fin
 .text.tcp_enqueue_flags
                0x10007e20      0x108 CMakeFiles/wifi.dir/pico-sdk/lib/lwip/src/core/tcp_out.c.o
                0x10007e20                tcp_enqueue_flags
 .text.tcp_rexmit_rto_prepare
                0x10007f28       0x9c CMakeFiles/wifi.dir/pico-sdk/lib/lwip/src/core/tcp_out.c.o
                0x10007f28                tcp_rexmit_rto_prepare
 .text.tcp_rexmit
                0x10007fc4       0x9c CMakeFiles/wifi.dir/pico-sdk/lib/lwip/src/core/tcp_out.c.o
                0x10007fc4                tcp_rexmit
 .text.tcp_rexmit_fast
                0x10008060       0x64 CMakeFiles/wifi.dir/pico-sdk/lib/lwip/src/core/tcp_out.c.o
                0x10008060                tcp_rexmit_fast
 .text.tcp_rst  0x100080c4       0xe8 CMakeFiles/wifi.dir/pico-sdk/lib/lwip/src/core/tcp_out.c.o
                0x100080c4                tcp_rst
 .text.tcp_rst_netif
                0x100081ac      0x130 CMakeFiles/wifi.dir/pico-sdk/lib/lwip/src/core/tcp_out.c.o
                0x100081ac                tcp_rst_netif
 .text.tcp_send_empty_ack
                0x100082dc       0x4c CMakeFiles/wifi.dir/pico-sdk/lib/lwip/src/core/tcp_out.c.o
                0x100082dc                tcp_send_empty_ack
 .text.tcp_output
                0x10008328      0x454 CMakeFiles/wifi.dir/pico-sdk/lib/lwip/src/core/tcp_out.c.o
                0x10008328                tcp_output
 .text.tcp_rexmit_rto_commit
                0x1000877c       0x24 CMakeFiles/wifi.dir/pico-sdk/lib/lwip/src/core/tcp_out.c.o
                0x1000877c                tcp_rexmit_rto_commit
 .text.tcp_rexmit_rto
                0x100087a0       0xa4 CMakeFiles/wifi.dir/pico-sdk/lib/lwip/src/core/tcp_out.c.o
                0x100087a0                tcp_rexmit_rto
 .text.tcp_keepalive
                0x10008844       0xdc CMakeFiles/wifi.dir/pico-sdk/lib/lwip/src/core/tcp_out.c.o
                0x10008844                tcp_keepalive
 .text.tcp_zero_window_probe
                0x10008920      0x110 CMakeFiles/wifi.dir/pico-sdk/lib/lwip/src/core/tcp_out.c.o
                0x10008920                tcp_zero_window_probe
 .text.tcpip_tcp_timer
                0x10008a30       0x78 CMakeFiles/wifi.dir/pico-sdk/lib/lwip/src/core/timeouts.c.o
 .text.lwip_cyclic_timer
                0x10008aa8       0x98 CMakeFiles/wifi.dir/pico-sdk/lib/lwip/src/core/timeouts.c.o
 .text.tcp_timer_needed
                0x10008b40       0x7c CMakeFiles/wifi.dir/pico-sdk/lib/lwip/src/core/timeouts.c.o
                0x10008b40                tcp_timer_needed
 .text.sys_timeouts_init
                0x10008bbc       0x8c CMakeFiles/wifi.dir/pico-sdk/lib/lwip/src/core/timeouts.c.o
                0x10008bbc                sys_timeouts_init
 .text.sys_timeout
                0x10008c48       0x60 CMakeFiles/wifi.dir/pico-sdk/lib/lwip/src/core/timeouts.c.o
                0x10008c48                sys_timeout
 .text.sys_untimeout
                0x10008ca8       0x40 CMakeFiles/wifi.dir/pico-sdk/lib/lwip/src/core/timeouts.c.o
                0x10008ca8                sys_untimeout
 .text.sys_check_timeouts
                0x10008ce8       0x68 CMakeFiles/wifi.dir/pico-sdk/lib/lwip/src/core/timeouts.c.o
                0x10008ce8                sys_check_timeouts
 .text.sys_timeouts_sleeptime
                0x10008d50       0x28 CMakeFiles/wifi.dir/pico-sdk/lib/lwip/src/core/timeouts.c.o
                0x10008d50                sys_timeouts_sleeptime
 .text.udp_init
                0x10008d78       0x20 CMakeFiles/wifi.dir/pico-sdk/lib/lwip/src/core/udp.c.o
                0x10008d78                udp_init
 .text.udp_input
                0x10008d98      0x320 CMakeFiles/wifi.dir/pico-sdk/lib/lwip/src/core/udp.c.o
                0x10008d98                udp_input
 .text.udp_bind
                0x100090b8      0x118 CMakeFiles/wifi.dir/pico-sdk/lib/lwip/src/core/udp.c.o
                0x100090b8                udp_bind
 .text.udp_sendto_if_src
                0x100091d0      0x130 CMakeFiles/wifi.dir/pico-sdk/lib/lwip/src/core/udp.c.o
                0x100091d0                udp_sendto_if_src
 .text.udp_sendto_if
                0x10009300       0x48 CMakeFiles/wifi.dir/pico-sdk/lib/lwip/src/core/udp.c.o
                0x10009300                udp_sendto_if
 .text.udp_sendto
                0x10009348       0x78 CMakeFiles/wifi.dir/pico-sdk/lib/lwip/src/core/udp.c.o
                0x10009348                udp_sendto
 .text.udp_connect
                0x100093c0       0x60 CMakeFiles/wifi.dir/pico-sdk/lib/lwip/src/core/udp.c.o
                0x100093c0                udp_connect
 .text.udp_recv
                0x10009420        0xc CMakeFiles/wifi.dir/pico-sdk/lib/lwip/src/core/udp.c.o
                0x10009420                udp_recv
 .text.udp_remove
                0x1000942c       0x3c CMakeFiles/wifi.dir/pico-sdk/lib/lwip/src/core/udp.c.o
                0x1000942c                udp_remove
 .text.udp_new  0x10009468       0x1c CMakeFiles/wifi.dir/pico-sdk/lib/lwip/src/core/udp.c.o
                0x10009468                udp_new
 .text.udp_netif_ip_addr_changed
                0x10009484       0x40 CMakeFiles/wifi.dir/pico-sdk/lib/lwip/src/core/udp.c.o
                0x10009484                udp_netif_ip_addr_changed
 .text.dhcp_create_msg
                0x100094c4      0x164 CMakeFiles/wifi.dir/pico-sdk/lib/lwip/src/core/ipv4/dhcp.c.o
 .text.dhcp_inc_pcb_refcount
                0x10009628       0x6c CMakeFiles/wifi.dir/pico-sdk/lib/lwip/src/core/ipv4/dhcp.c.o
 .text.dhcp_bind
                0x10009694      0x138 CMakeFiles/wifi.dir/pico-sdk/lib/lwip/src/core/ipv4/dhcp.c.o
 .text.dhcp_option_hostname.isra.0
                0x100097cc       0x84 CMakeFiles/wifi.dir/pico-sdk/lib/lwip/src/core/ipv4/dhcp.c.o
 .text.dhcp_handle_ack.isra.0
                0x10009850       0xcc CMakeFiles/wifi.dir/pico-sdk/lib/lwip/src/core/ipv4/dhcp.c.o
 .text.dhcp_reboot.isra.0
                0x1000991c      0x178 CMakeFiles/wifi.dir/pico-sdk/lib/lwip/src/core/ipv4/dhcp.c.o
 .text.dhcp_discover
                0x10009a94      0x140 CMakeFiles/wifi.dir/pico-sdk/lib/lwip/src/core/ipv4/dhcp.c.o
 .text.dhcp_select.isra.0
                0x10009bd4      0x1e0 CMakeFiles/wifi.dir/pico-sdk/lib/lwip/src/core/ipv4/dhcp.c.o
 .text.dhcp_recv
                0x10009db4      0x47c CMakeFiles/wifi.dir/pico-sdk/lib/lwip/src/core/ipv4/dhcp.c.o
 .text.dhcp_set_struct
                0x1000a230       0x44 CMakeFiles/wifi.dir/pico-sdk/lib/lwip/src/core/ipv4/dhcp.c.o
                0x1000a230                dhcp_set_struct
 .text.dhcp_network_changed_link_up
                0x1000a274       0x40 CMakeFiles/wifi.dir/pico-sdk/lib/lwip/src/core/ipv4/dhcp.c.o
                0x1000a274                dhcp_network_changed_link_up
 .text.dhcp_renew
                0x1000a2b4      0x138 CMakeFiles/wifi.dir/pico-sdk/lib/lwip/src/core/ipv4/dhcp.c.o
                0x1000a2b4                dhcp_renew
 .text.dhcp_release_and_stop
                0x1000a3ec      0x158 CMakeFiles/wifi.dir/pico-sdk/lib/lwip/src/core/ipv4/dhcp.c.o
                0x1000a3ec                dhcp_release_and_stop
 .text.dhcp_start
                0x1000a544       0xb0 CMakeFiles/wifi.dir/pico-sdk/lib/lwip/src/core/ipv4/dhcp.c.o
                0x1000a544                dhcp_start
 .text.dhcp_coarse_tmr
                0x1000a5f4      0x1d8 CMakeFiles/wifi.dir/pico-sdk/lib/lwip/src/core/ipv4/dhcp.c.o
                0x1000a5f4                dhcp_coarse_tmr
 .text.dhcp_fine_tmr
                0x1000a7cc       0x78 CMakeFiles/wifi.dir/pico-sdk/lib/lwip/src/core/ipv4/dhcp.c.o
                0x1000a7cc                dhcp_fine_tmr
 .text.dhcp_stop
                0x1000a844      0x158 CMakeFiles/wifi.dir/pico-sdk/lib/lwip/src/core/ipv4/dhcp.c.o
                0x1000a844                dhcp_stop
 .text.etharp_find_entry
                0x1000a99c      0x3c0 CMakeFiles/wifi.dir/pico-sdk/lib/lwip/src/core/ipv4/etharp.c.o
 .text.etharp_raw
                0x1000ad5c       0xec CMakeFiles/wifi.dir/pico-sdk/lib/lwip/src/core/ipv4/etharp.c.o
 .text.etharp_output_to_arp_index
                0x1000ae48       0xd0 CMakeFiles/wifi.dir/pico-sdk/lib/lwip/src/core/ipv4/etharp.c.o
 .text.etharp_tmr
                0x1000af18       0x94 CMakeFiles/wifi.dir/pico-sdk/lib/lwip/src/core/ipv4/etharp.c.o
                0x1000af18                etharp_tmr
 .text.etharp_cleanup_netif
                0x1000afac      0x188 CMakeFiles/wifi.dir/pico-sdk/lib/lwip/src/core/ipv4/etharp.c.o
                0x1000afac                etharp_cleanup_netif
 .text.etharp_input
                0x1000b134      0x1b8 CMakeFiles/wifi.dir/pico-sdk/lib/lwip/src/core/ipv4/etharp.c.o
                0x1000b134                etharp_input
 .text.etharp_query
                0x1000b2ec      0x1b8 CMakeFiles/wifi.dir/pico-sdk/lib/lwip/src/core/ipv4/etharp.c.o
                0x1000b2ec                etharp_query
 .text.etharp_output
                0x1000b4a4      0x24c CMakeFiles/wifi.dir/pico-sdk/lib/lwip/src/core/ipv4/etharp.c.o
                0x1000b4a4                etharp_output
 .text.etharp_request
                0x1000b6f0       0x2c CMakeFiles/wifi.dir/pico-sdk/lib/lwip/src/core/ipv4/etharp.c.o
                0x1000b6f0                etharp_request
 .text.icmp_input
                0x1000b71c      0x1ec CMakeFiles/wifi.dir/pico-sdk/lib/lwip/src/core/ipv4/icmp.c.o
                0x1000b71c                icmp_input
 .text.icmp_dest_unreach
                0x1000b908       0xcc CMakeFiles/wifi.dir/pico-sdk/lib/lwip/src/core/ipv4/icmp.c.o
                0x1000b908                icmp_dest_unreach
 .text.icmp_time_exceeded
                0x1000b9d4       0xcc CMakeFiles/wifi.dir/pico-sdk/lib/lwip/src/core/ipv4/icmp.c.o
                0x1000b9d4                icmp_time_exceeded
 .text.ip_reass_free_complete_datagram
                0x1000baa0      0x11c CMakeFiles/wifi.dir/pico-sdk/lib/lwip/src/core/ipv4/ip4_frag.c.o
 .text.ip_reass_remove_oldest_datagram
                0x1000bbbc       0xd8 CMakeFiles/wifi.dir/pico-sdk/lib/lwip/src/core/ipv4/ip4_frag.c.o
 .text.ip_reass_tmr
                0x1000bc94       0x30 CMakeFiles/wifi.dir/pico-sdk/lib/lwip/src/core/ipv4/ip4_frag.c.o
                0x1000bc94                ip_reass_tmr
 .text.ip4_reass
                0x1000bcc4      0x560 CMakeFiles/wifi.dir/pico-sdk/lib/lwip/src/core/ipv4/ip4_frag.c.o
                0x1000bcc4                ip4_reass
 .text.ip4_frag
                0x1000c224      0x254 CMakeFiles/wifi.dir/pico-sdk/lib/lwip/src/core/ipv4/ip4_frag.c.o
                0x1000c224                ip4_frag
 .text.ip4_route
                0x1000c478       0x7c CMakeFiles/wifi.dir/pico-sdk/lib/lwip/src/core/ipv4/ip4.c.o
                0x1000c478                ip4_route
 .text.ip4_input
                0x1000c4f4      0x300 CMakeFiles/wifi.dir/pico-sdk/lib/lwip/src/core/ipv4/ip4.c.o
                0x1000c4f4                ip4_input
 .text.ip4_output_if
                0x1000c7f4      0x190 CMakeFiles/wifi.dir/pico-sdk/lib/lwip/src/core/ipv4/ip4.c.o
                0x1000c7f4                ip4_output_if
 .text.ip4_output_if_src
                0x1000c984      0x184 CMakeFiles/wifi.dir/pico-sdk/lib/lwip/src/core/ipv4/ip4.c.o
                0x1000c984                ip4_output_if_src
 .text.ip4_addr_isbroadcast_u32
                0x1000cb08       0x3c CMakeFiles/wifi.dir/pico-sdk/lib/lwip/src/core/ipv4/ip4_addr.c.o
                0x1000cb08                ip4_addr_isbroadcast_u32
 .text.ethernet_input
                0x1000cb44       0xd0 CMakeFiles/wifi.dir/pico-sdk/lib/lwip/src/netif/ethernet.c.o
                0x1000cb44                ethernet_input
 .text.ethernet_output
                0x1000cc14       0x6c CMakeFiles/wifi.dir/pico-sdk/lib/lwip/src/netif/ethernet.c.o
                0x1000cc14                ethernet_output
 .text.cyw43_arch_wifi_connect_bssid_until.part.0
                0x1000cc80      0x150 CMakeFiles/wifi.dir/pico-sdk/src/rp2_common/pico_cyw43_arch/cyw43_arch.c.o
 .text.cyw43_arch_set_async_context
                0x1000cdd0        0xc CMakeFiles/wifi.dir/pico-sdk/src/rp2_common/pico_cyw43_arch/cyw43_arch.c.o
                0x1000cdd0                cyw43_arch_set_async_context
 .text.cyw43_arch_enable_sta_mode
                0x1000cddc       0x1c CMakeFiles/wifi.dir/pico-sdk/src/rp2_common/pico_cyw43_arch/cyw43_arch.c.o
                0x1000cddc                cyw43_arch_enable_sta_mode
 .text.cyw43_arch_wifi_connect_timeout_ms
                0x1000cdf8       0xa0 CMakeFiles/wifi.dir/pico-sdk/src/rp2_common/pico_cyw43_arch/cyw43_arch.c.o
                0x1000cdf8                cyw43_arch_wifi_connect_timeout_ms
 .text.cyw43_arch_async_context
                0x1000ce98        0xc CMakeFiles/wifi.dir/pico-sdk/src/rp2_common/pico_cyw43_arch/cyw43_arch.c.o
                0x1000ce98                cyw43_arch_async_context
 .text.cyw43_arch_init
                0x1000cea4       0x74 CMakeFiles/wifi.dir/pico-sdk/src/rp2_common/pico_cyw43_arch/cyw43_arch_threadsafe_background.c.o
                0x1000cea4                cyw43_arch_init
 .text.ns_delay.constprop.0
                0x1000cf18       0x20 CMakeFiles/wifi.dir/pico-sdk/src/rp2_common/pico_cyw43_driver/cyw43_bus_pio_spi.c.o
 .text.cyw43_spi_deinit
                0x1000cf38       0x6c CMakeFiles/wifi.dir/pico-sdk/src/rp2_common/pico_cyw43_driver/cyw43_bus_pio_spi.c.o
                0x1000cf38                cyw43_spi_deinit
 .text.cyw43_spi_init
                0x1000cfa4      0x128 CMakeFiles/wifi.dir/pico-sdk/src/rp2_common/pico_cyw43_driver/cyw43_bus_pio_spi.c.o
                0x1000cfa4                cyw43_spi_init
 .text.cyw43_spi_transfer
                0x1000d0cc      0x420 CMakeFiles/wifi.dir/pico-sdk/src/rp2_common/pico_cyw43_driver/cyw43_bus_pio_spi.c.o
                0x1000d0cc                cyw43_spi_transfer
 .text.cyw43_spi_gpio_setup
                0x1000d4ec       0x3c CMakeFiles/wifi.dir/pico-sdk/src/rp2_common/pico_cyw43_driver/cyw43_bus_pio_spi.c.o
                0x1000d4ec                cyw43_spi_gpio_setup
 .text.cyw43_spi_reset
                0x1000d528       0x28 CMakeFiles/wifi.dir/pico-sdk/src/rp2_common/pico_cyw43_driver/cyw43_bus_pio_spi.c.o
                0x1000d528                cyw43_spi_reset
 .text.read_reg_u32_swap
                0x1000d550       0x3c CMakeFiles/wifi.dir/pico-sdk/src/rp2_common/pico_cyw43_driver/cyw43_bus_pio_spi.c.o
                0x1000d550                read_reg_u32_swap
 .text.cyw43_read_reg_u32
                0x1000d58c       0x50 CMakeFiles/wifi.dir/pico-sdk/src/rp2_common/pico_cyw43_driver/cyw43_bus_pio_spi.c.o
                0x1000d58c                cyw43_read_reg_u32
 .text.cyw43_read_reg_u16
                0x1000d5dc       0x50 CMakeFiles/wifi.dir/pico-sdk/src/rp2_common/pico_cyw43_driver/cyw43_bus_pio_spi.c.o
                0x1000d5dc                cyw43_read_reg_u16
 .text.cyw43_read_reg_u8
                0x1000d62c       0x50 CMakeFiles/wifi.dir/pico-sdk/src/rp2_common/pico_cyw43_driver/cyw43_bus_pio_spi.c.o
                0x1000d62c                cyw43_read_reg_u8
 .text.write_reg_u32_swap
                0x1000d67c      0x214 CMakeFiles/wifi.dir/pico-sdk/src/rp2_common/pico_cyw43_driver/cyw43_bus_pio_spi.c.o
                0x1000d67c                write_reg_u32_swap
 .text.cyw43_write_reg_u32
                0x1000d890      0x234 CMakeFiles/wifi.dir/pico-sdk/src/rp2_common/pico_cyw43_driver/cyw43_bus_pio_spi.c.o
                0x1000d890                cyw43_write_reg_u32
 .text.cyw43_write_reg_u16
                0x1000dac4      0x234 CMakeFiles/wifi.dir/pico-sdk/src/rp2_common/pico_cyw43_driver/cyw43_bus_pio_spi.c.o
                0x1000dac4                cyw43_write_reg_u16
 .text.cyw43_write_reg_u8
                0x1000dcf8      0x234 CMakeFiles/wifi.dir/pico-sdk/src/rp2_common/pico_cyw43_driver/cyw43_bus_pio_spi.c.o
                0x1000dcf8                cyw43_write_reg_u8
 .text.cyw43_read_bytes
                0x1000df2c       0x78 CMakeFiles/wifi.dir/pico-sdk/src/rp2_common/pico_cyw43_driver/cyw43_bus_pio_spi.c.o
                0x1000df2c                cyw43_read_bytes
 .text.cyw43_write_bytes
                0x1000dfa4       0xc0 CMakeFiles/wifi.dir/pico-sdk/src/rp2_common/pico_cyw43_driver/cyw43_bus_pio_spi.c.o
                0x1000dfa4                cyw43_write_bytes
 .text.cyw43_set_backplane_window
                0x1000e064       0x68 CMakeFiles/wifi.dir/pico-sdk/lib/cyw43-driver/src/cyw43_ll.c.o
 .text.cyw43_ll_parse_async_event
                0x1000e0cc      0x134 CMakeFiles/wifi.dir/pico-sdk/lib/cyw43-driver/src/cyw43_ll.c.o
 .text.cyw43_kso_set
                0x1000e200       0x80 CMakeFiles/wifi.dir/pico-sdk/lib/cyw43-driver/src/cyw43_ll.c.o
 .text.cyw43_ll_sdpcm_poll_device
                0x1000e280      0x238 CMakeFiles/wifi.dir/pico-sdk/lib/cyw43-driver/src/cyw43_ll.c.o
 .text.cyw43_sdpcm_send_common
                0x1000e4b8       0xfc CMakeFiles/wifi.dir/pico-sdk/lib/cyw43-driver/src/cyw43_ll.c.o
 .text.cyw43_do_ioctl.part.0
                0x1000e5b4       0xc4 CMakeFiles/wifi.dir/pico-sdk/lib/cyw43-driver/src/cyw43_ll.c.o
 .text.cyw43_download_resource
                0x1000e678       0xd0 CMakeFiles/wifi.dir/pico-sdk/lib/cyw43-driver/src/cyw43_ll.c.o
 .text.cyw43_write_iovar_u32.constprop.0
                0x1000e748       0x98 CMakeFiles/wifi.dir/pico-sdk/lib/cyw43-driver/src/cyw43_ll.c.o
 .text.cyw43_write_iovar_n
                0x1000e7e0       0x8c CMakeFiles/wifi.dir/pico-sdk/lib/cyw43-driver/src/cyw43_ll.c.o
 .text.cyw43_write_iovar_u32_u32.constprop.0
                0x1000e86c       0xac CMakeFiles/wifi.dir/pico-sdk/lib/cyw43-driver/src/cyw43_ll.c.o
 .text.cyw43_read_backplane.constprop.0
                0x1000e918       0xe4 CMakeFiles/wifi.dir/pico-sdk/lib/cyw43-driver/src/cyw43_ll.c.o
 .text.cyw43_write_backplane
                0x1000e9fc      0x10c CMakeFiles/wifi.dir/pico-sdk/lib/cyw43-driver/src/cyw43_ll.c.o
 .text.reset_device_core.constprop.0
                0x1000eb08      0x410 CMakeFiles/wifi.dir/pico-sdk/lib/cyw43-driver/src/cyw43_ll.c.o
 .text.cyw43_ll_init
                0x1000ef18       0x1c CMakeFiles/wifi.dir/pico-sdk/lib/cyw43-driver/src/cyw43_ll.c.o
                0x1000ef18                cyw43_ll_init
 .text.cyw43_ll_deinit
                0x1000ef34        0x8 CMakeFiles/wifi.dir/pico-sdk/lib/cyw43-driver/src/cyw43_ll.c.o
                0x1000ef34                cyw43_ll_deinit
 .text.cyw43_ll_send_ethernet
                0x1000ef3c       0x60 CMakeFiles/wifi.dir/pico-sdk/lib/cyw43-driver/src/cyw43_ll.c.o
                0x1000ef3c                cyw43_ll_send_ethernet
 .text.cyw43_ll_process_packets
                0x1000ef9c       0x54 CMakeFiles/wifi.dir/pico-sdk/lib/cyw43-driver/src/cyw43_ll.c.o
                0x1000ef9c                cyw43_ll_process_packets
 .text.cyw43_ll_ioctl
                0x1000eff0       0x80 CMakeFiles/wifi.dir/pico-sdk/lib/cyw43-driver/src/cyw43_ll.c.o
                0x1000eff0                cyw43_ll_ioctl
 .text.cyw43_ll_bus_sleep
                0x1000f070       0x34 CMakeFiles/wifi.dir/pico-sdk/lib/cyw43-driver/src/cyw43_ll.c.o
                0x1000f070                cyw43_ll_bus_sleep
 .text.cyw43_ll_wifi_on
                0x1000f0a4      0x1f8 CMakeFiles/wifi.dir/pico-sdk/lib/cyw43-driver/src/cyw43_ll.c.o
                0x1000f0a4                cyw43_ll_wifi_on
 .text.cyw43_ll_wifi_get_mac
                0x1000f29c       0x74 CMakeFiles/wifi.dir/pico-sdk/lib/cyw43-driver/src/cyw43_ll.c.o
                0x1000f29c                cyw43_ll_wifi_get_mac
 .text.cyw43_ll_bus_init
                0x1000f310      0x920 CMakeFiles/wifi.dir/pico-sdk/lib/cyw43-driver/src/cyw43_ll.c.o
                0x1000f310                cyw43_ll_bus_init
 .text.cyw43_ll_wifi_pm
                0x1000fc30      0x11c CMakeFiles/wifi.dir/pico-sdk/lib/cyw43-driver/src/cyw43_ll.c.o
                0x1000fc30                cyw43_ll_wifi_pm
 .text.cyw43_ll_wifi_join
                0x1000fd4c      0x4bc CMakeFiles/wifi.dir/pico-sdk/lib/cyw43-driver/src/cyw43_ll.c.o
                0x1000fd4c                cyw43_ll_wifi_join
 .text.cyw43_ll_wifi_set_wpa_auth
                0x10010208       0x4c CMakeFiles/wifi.dir/pico-sdk/lib/cyw43-driver/src/cyw43_ll.c.o
                0x10010208                cyw43_ll_wifi_set_wpa_auth
 .text.cyw43_ll_wifi_rejoin
                0x10010254       0x58 CMakeFiles/wifi.dir/pico-sdk/lib/cyw43-driver/src/cyw43_ll.c.o
                0x10010254                cyw43_ll_wifi_rejoin
 .text.cyw43_ll_wifi_ap_init
                0x100102ac      0x4dc CMakeFiles/wifi.dir/pico-sdk/lib/cyw43-driver/src/cyw43_ll.c.o
                0x100102ac                cyw43_ll_wifi_ap_init
 .text.cyw43_ll_wifi_ap_set_up
                0x10010788       0x74 CMakeFiles/wifi.dir/pico-sdk/lib/cyw43-driver/src/cyw43_ll.c.o
                0x10010788                cyw43_ll_wifi_ap_set_up
 .text.cyw43_ll_has_work
                0x100107fc       0x14 CMakeFiles/wifi.dir/pico-sdk/lib/cyw43-driver/src/cyw43_ll.c.o
                0x100107fc                cyw43_ll_has_work
 .text.cyw43_netif_init
                0x10010810       0x3c CMakeFiles/wifi.dir/pico-sdk/lib/cyw43-driver/src/cyw43_lwip.c.o
 .text.cyw43_netif_output
                0x1001084c       0x34 CMakeFiles/wifi.dir/pico-sdk/lib/cyw43-driver/src/cyw43_lwip.c.o
 .text.cyw43_cb_tcpip_init
                0x10010880       0xf0 CMakeFiles/wifi.dir/pico-sdk/lib/cyw43-driver/src/cyw43_lwip.c.o
                0x10010880                cyw43_cb_tcpip_init
 .text.cyw43_cb_tcpip_deinit
                0x10010970       0x4c CMakeFiles/wifi.dir/pico-sdk/lib/cyw43-driver/src/cyw43_lwip.c.o
                0x10010970                cyw43_cb_tcpip_deinit
 .text.cyw43_cb_process_ethernet
                0x100109bc       0x6c CMakeFiles/wifi.dir/pico-sdk/lib/cyw43-driver/src/cyw43_lwip.c.o
                0x100109bc                cyw43_cb_process_ethernet
 .text.cyw43_cb_tcpip_set_link_up
                0x10010a28       0x18 CMakeFiles/wifi.dir/pico-sdk/lib/cyw43-driver/src/cyw43_lwip.c.o
                0x10010a28                cyw43_cb_tcpip_set_link_up
 .text.cyw43_cb_tcpip_set_link_down
                0x10010a40       0x18 CMakeFiles/wifi.dir/pico-sdk/lib/cyw43-driver/src/cyw43_lwip.c.o
                0x10010a40                cyw43_cb_tcpip_set_link_down
 .text.cyw43_tcpip_link_status
                0x10010a58       0x34 CMakeFiles/wifi.dir/pico-sdk/lib/cyw43-driver/src/cyw43_lwip.c.o
                0x10010a58                cyw43_tcpip_link_status
 .text.cyw43_poll_func
                0x10010a8c       0xc0 CMakeFiles/wifi.dir/pico-sdk/lib/cyw43-driver/src/cyw43_ctrl.c.o
 .text.cyw43_init
                0x10010b4c       0x6c CMakeFiles/wifi.dir/pico-sdk/lib/cyw43-driver/src/cyw43_ctrl.c.o
                0x10010b4c                cyw43_init
 .text.cyw43_deinit
                0x10010bb8       0x90 CMakeFiles/wifi.dir/pico-sdk/lib/cyw43-driver/src/cyw43_ctrl.c.o
                0x10010bb8                cyw43_deinit
 .text.cyw43_cb_read_host_interrupt_pin
                0x10010c48        0xc CMakeFiles/wifi.dir/pico-sdk/lib/cyw43-driver/src/cyw43_ctrl.c.o
                0x10010c48                cyw43_cb_read_host_interrupt_pin
 .text.cyw43_cb_ensure_awake
                0x10010c54        0xc CMakeFiles/wifi.dir/pico-sdk/lib/cyw43-driver/src/cyw43_ctrl.c.o
                0x10010c54                cyw43_cb_ensure_awake
 .text.cyw43_cb_process_async_event
                0x10010c60      0x210 CMakeFiles/wifi.dir/pico-sdk/lib/cyw43-driver/src/cyw43_ctrl.c.o
                0x10010c60                cyw43_cb_process_async_event
 .text.cyw43_send_ethernet
                0x10010e70       0xc0 CMakeFiles/wifi.dir/pico-sdk/lib/cyw43-driver/src/cyw43_ctrl.c.o
                0x10010e70                cyw43_send_ethernet
 .text.cyw43_wifi_get_mac
                0x10010f30       0x10 CMakeFiles/wifi.dir/pico-sdk/lib/cyw43-driver/src/cyw43_ctrl.c.o
                0x10010f30                cyw43_wifi_get_mac
 .text.cyw43_wifi_set_up
                0x10010f40      0x348 CMakeFiles/wifi.dir/pico-sdk/lib/cyw43-driver/src/cyw43_ctrl.c.o
                0x10010f40                cyw43_wifi_set_up
 .text.cyw43_wifi_link_status
                0x10011288       0x40 CMakeFiles/wifi.dir/pico-sdk/lib/cyw43-driver/src/cyw43_ctrl.c.o
                0x10011288                cyw43_wifi_link_status
 .text.cyw43_wifi_join
                0x100112c8       0xf4 CMakeFiles/wifi.dir/pico-sdk/lib/cyw43-driver/src/cyw43_ctrl.c.o
                0x100112c8                cyw43_wifi_join
 .text.pio_sm_set_pindirs_with_mask64
                0x100113bc       0xac CMakeFiles/wifi.dir/pico-sdk/src/rp2_common/hardware_pio/pio.c.o
                0x100113bc                pio_sm_set_pindirs_with_mask64
 .text.pio_sm_set_consecutive_pindirs
                0x10011468       0xb4 CMakeFiles/wifi.dir/pico-sdk/src/rp2_common/hardware_pio/pio.c.o
                0x10011468                pio_sm_set_consecutive_pindirs
 .text.pio_claim_free_sm_and_add_program_for_gpio_range
                0x1001151c      0x18c CMakeFiles/wifi.dir/pico-sdk/src/rp2_common/hardware_pio/pio.c.o
                0x1001151c                pio_claim_free_sm_and_add_program_for_gpio_range
 .text.pio_remove_program_and_unclaim_sm
                0x100116a8       0x40 CMakeFiles/wifi.dir/pico-sdk/src/rp2_common/hardware_pio/pio.c.o
                0x100116a8                pio_remove_program_and_unclaim_sm
 .text.dma_channel_unclaim
                0x100116e8       0x14 CMakeFiles/wifi.dir/pico-sdk/src/rp2_common/hardware_dma/dma.c.o
                0x100116e8                dma_channel_unclaim
 .text.dma_claim_unused_channel
                0x100116fc       0x24 CMakeFiles/wifi.dir/pico-sdk/src/rp2_common/hardware_dma/dma.c.o
                0x100116fc                dma_claim_unused_channel
 .text.dma_channel_cleanup
                0x10011720       0x64 CMakeFiles/wifi.dir/pico-sdk/src/rp2_common/hardware_dma/dma.c.o
                0x10011720                dma_channel_cleanup
 .text.cyw43_sleep_timeout_reached
                0x10011784       0x10 CMakeFiles/wifi.dir/pico-sdk/src/rp2_common/pico_cyw43_driver/cyw43_driver.c.o
 .text.cyw43_irq_init
                0x10011794       0x28 CMakeFiles/wifi.dir/pico-sdk/src/rp2_common/pico_cyw43_driver/cyw43_driver.c.o
                0x10011794                cyw43_irq_init
 .text.cyw43_irq_deinit
                0x100117bc       0x20 CMakeFiles/wifi.dir/pico-sdk/src/rp2_common/pico_cyw43_driver/cyw43_driver.c.o
                0x100117bc                cyw43_irq_deinit
 .text.cyw43_gpio_irq_handler
                0x100117dc       0x44 CMakeFiles/wifi.dir/pico-sdk/src/rp2_common/pico_cyw43_driver/cyw43_driver.c.o
 .text.cyw43_do_poll
                0x10011820       0x70 CMakeFiles/wifi.dir/pico-sdk/src/rp2_common/pico_cyw43_driver/cyw43_driver.c.o
 .text.cyw43_post_poll_hook
                0x10011890       0x10 CMakeFiles/wifi.dir/pico-sdk/src/rp2_common/pico_cyw43_driver/cyw43_driver.c.o
                0x10011890                cyw43_post_poll_hook
 .text.cyw43_schedule_internal_poll_dispatch
                0x100118a0       0x18 CMakeFiles/wifi.dir/pico-sdk/src/rp2_common/pico_cyw43_driver/cyw43_driver.c.o
                0x100118a0                cyw43_schedule_internal_poll_dispatch
 .text.cyw43_driver_init
                0x100118b8       0x38 CMakeFiles/wifi.dir/pico-sdk/src/rp2_common/pico_cyw43_driver/cyw43_driver.c.o
                0x100118b8                cyw43_driver_init
 .text.cyw43_driver_deinit
                0x100118f0       0x44 CMakeFiles/wifi.dir/pico-sdk/src/rp2_common/pico_cyw43_driver/cyw43_driver.c.o
                0x100118f0                cyw43_driver_deinit
 .text.cyw43_hal_generate_laa_mac
                0x10011934       0x28 CMakeFiles/wifi.dir/pico-sdk/src/rp2_common/pico_cyw43_driver/cyw43_driver.c.o
                0x10011934                cyw43_hal_generate_laa_mac
 .text.cyw43_hal_get_mac
                0x1001195c       0x14 CMakeFiles/wifi.dir/pico-sdk/src/rp2_common/pico_cyw43_driver/cyw43_driver.c.o
                0x1001195c                cyw43_hal_get_mac
 .text.cyw43_thread_enter
                0x10011970       0x14 CMakeFiles/wifi.dir/pico-sdk/src/rp2_common/pico_cyw43_driver/cyw43_driver.c.o
                0x10011970                cyw43_thread_enter
 .text.cyw43_thread_exit
                0x10011984       0x14 CMakeFiles/wifi.dir/pico-sdk/src/rp2_common/pico_cyw43_driver/cyw43_driver.c.o
                0x10011984                cyw43_thread_exit
 .text.cyw43_await_background_or_timeout_us
                0x10011998       0x64 CMakeFiles/wifi.dir/pico-sdk/src/rp2_common/pico_cyw43_driver/cyw43_driver.c.o
                0x10011998                cyw43_await_background_or_timeout_us
 .text.cyw43_delay_ms
                0x100119fc       0x48 CMakeFiles/wifi.dir/pico-sdk/src/rp2_common/pico_cyw43_driver/cyw43_driver.c.o
                0x100119fc                cyw43_delay_ms
 .text.cyw43_delay_us
                0x10011a44       0x34 CMakeFiles/wifi.dir/pico-sdk/src/rp2_common/pico_cyw43_driver/cyw43_driver.c.o
                0x10011a44                cyw43_delay_us
 .text.async_context_threadsafe_background_acquire_lock_blocking
                0x10011a78        0xc CMakeFiles/wifi.dir/pico-sdk/src/rp2_common/pico_async_context/async_context_threadsafe_background.c.o
 .text.alarm_handler
                0x10011a84       0x20 CMakeFiles/wifi.dir/pico-sdk/src/rp2_common/pico_async_context/async_context_threadsafe_background.c.o
 .text.async_context_threadsafe_background_set_work_pending
                0x10011aa4       0x1c CMakeFiles/wifi.dir/pico-sdk/src/rp2_common/pico_async_context/async_context_threadsafe_background.c.o
 .text.process_under_lock
                0x10011ac0       0xcc CMakeFiles/wifi.dir/pico-sdk/src/rp2_common/pico_async_context/async_context_threadsafe_background.c.o
 .text.async_context_threadsafe_background_execute_sync
                0x10011b8c       0x30 CMakeFiles/wifi.dir/pico-sdk/src/rp2_common/pico_async_context/async_context_threadsafe_background.c.o
                0x10011b8c                async_context_threadsafe_background_execute_sync
 .text.async_context_threadsafe_background_deinit
                0x10011bbc       0x54 CMakeFiles/wifi.dir/pico-sdk/src/rp2_common/pico_async_context/async_context_threadsafe_background.c.o
 .text.low_priority_irq_handler
                0x10011c10       0x3c CMakeFiles/wifi.dir/pico-sdk/src/rp2_common/pico_async_context/async_context_threadsafe_background.c.o
 .text.async_context_threadsafe_background_wait_for_work_until
                0x10011c4c        0xc CMakeFiles/wifi.dir/pico-sdk/src/rp2_common/pico_async_context/async_context_threadsafe_background.c.o
 .text.async_context_threadsafe_background_wait_until
                0x10011c58       0x1c CMakeFiles/wifi.dir/pico-sdk/src/rp2_common/pico_async_context/async_context_threadsafe_background.c.o
 .text.async_context_threadsafe_background_lock_check
                0x10011c74       0x28 CMakeFiles/wifi.dir/pico-sdk/src/rp2_common/pico_async_context/async_context_threadsafe_background.c.o
 .text.async_context_threadsafe_background_release_lock
                0x10011c9c       0x1c CMakeFiles/wifi.dir/pico-sdk/src/rp2_common/pico_async_context/async_context_threadsafe_background.c.o
 .text.async_context_threadsafe_background_add_at_time_worker
                0x10011cb8       0x34 CMakeFiles/wifi.dir/pico-sdk/src/rp2_common/pico_async_context/async_context_threadsafe_background.c.o
 .text.async_context_threadsafe_background_remove_at_time_worker
                0x10011cec       0x34 CMakeFiles/wifi.dir/pico-sdk/src/rp2_common/pico_async_context/async_context_threadsafe_background.c.o
 .text.async_context_threadsafe_background_add_when_pending_worker
                0x10011d20       0x34 CMakeFiles/wifi.dir/pico-sdk/src/rp2_common/pico_async_context/async_context_threadsafe_background.c.o
 .text.async_context_threadsafe_background_when_pending_worker
                0x10011d54       0x34 CMakeFiles/wifi.dir/pico-sdk/src/rp2_common/pico_async_context/async_context_threadsafe_background.c.o
 .text.async_context_threadsafe_background_default_config
                0x10011d88        0xc CMakeFiles/wifi.dir/pico-sdk/src/rp2_common/pico_async_context/async_context_threadsafe_background.c.o
                0x10011d88                async_context_threadsafe_background_default_config
 .text.async_context_threadsafe_background_init
                0x10011d94       0x8c CMakeFiles/wifi.dir/pico-sdk/src/rp2_common/pico_async_context/async_context_threadsafe_background.c.o
                0x10011d94                async_context_threadsafe_background_init
 .text.first_per_core_initializer
                0x10011e20        0x4 CMakeFiles/wifi.dir/pico-sdk/src/rp2_common/pico_runtime/runtime.c.o
 .text.hard_assertion_failure
                0x10011e24        0xc CMakeFiles/wifi.dir/pico-sdk/src/rp2_common/pico_runtime/runtime.c.o
                0x10011e24                hard_assertion_failure
 .text.runtime_run_initializers
                0x10011e30       0x28 CMakeFiles/wifi.dir/pico-sdk/src/rp2_common/pico_runtime/runtime.c.o
                0x10011e30                runtime_run_initializers
 .text.runtime_init_early_resets
                0x10011e58       0x2c CMakeFiles/wifi.dir/pico-sdk/src/rp2_common/pico_runtime_init/runtime_init.c.o
                0x10011e58                runtime_init_early_resets
 .text.runtime_init_usb_power_down
                0x10011e84       0x1c CMakeFiles/wifi.dir/pico-sdk/src/rp2_common/pico_runtime_init/runtime_init.c.o
                0x10011e84                runtime_init_usb_power_down
 .text.runtime_init_post_clock_resets
                0x10011ea0       0x20 CMakeFiles/wifi.dir/pico-sdk/src/rp2_common/pico_runtime_init/runtime_init.c.o
                0x10011ea0                runtime_init_post_clock_resets
 .text.runtime_init_rp2040_gpio_ie_disable
                0x10011ec0       0x14 CMakeFiles/wifi.dir/pico-sdk/src/rp2_common/pico_runtime_init/runtime_init.c.o
                0x10011ec0                runtime_init_rp2040_gpio_ie_disable
 .text.runtime_init_spin_locks_reset
                0x10011ed4        0x8 CMakeFiles/wifi.dir/pico-sdk/src/rp2_common/pico_runtime_init/runtime_init.c.o
                0x10011ed4                runtime_init_spin_locks_reset
 .text.runtime_init_install_ram_vector_table
                0x10011edc       0x1c CMakeFiles/wifi.dir/pico-sdk/src/rp2_common/pico_runtime_init/runtime_init.c.o
                0x10011edc                runtime_init_install_ram_vector_table
 .text.runtime_init_clocks
                0x10011ef8       0xd8 CMakeFiles/wifi.dir/pico-sdk/src/rp2_common/pico_runtime_init/runtime_init_clocks.c.o
                0x10011ef8                runtime_init_clocks
 .text          0x10011fd0       0x10 CMakeFiles/wifi.dir/pico-sdk/src/rp2_common/pico_bit_ops/bit_ops_aeabi.S.o
 .text.ctzsi    0x10011fe0        0xc CMakeFiles/wifi.dir/pico-sdk/src/rp2_common/pico_bit_ops/bit_ops_aeabi.S.o
                0x10011fe0                __wrap___ctzsi2
 .text.__wrap___aeabi_idiv
                0x10011fec       0x50 CMakeFiles/wifi.dir/pico-sdk/src/rp2_common/pico_divider/divider_hardware.S.o
                0x10011fec                __wrap___aeabi_idivmod
                0x10011fec                divmod_s32s32
                0x10011fec                div_s32s32
                0x10011fec                __wrap___aeabi_idiv
                0x10011ff4                divmod_s32s32_unsafe
                0x10012020                divmod_s32s32_savestate
 .text.__wrap___aeabi_uidiv
                0x1001203c       0x4c CMakeFiles/wifi.dir/pico-sdk/src/rp2_common/pico_divider/divider_hardware.S.o
                0x1001203c                __wrap___aeabi_uidiv
                0x1001203c                __wrap___aeabi_uidivmod
                0x1001203c                div_u32u32
                0x1001203c                divmod_u32u32
                0x10012044                divmod_u32u32_unsafe
                0x1001206c                divmod_u32u32_savestate
 .text.__wrap___aeabi_ldiv
                0x10012088      0x424 CMakeFiles/wifi.dir/pico-sdk/src/rp2_common/pico_divider/divider_hardware.S.o
                0x10012088                div_s64s64
                0x10012088                divmod_s64s64
                0x10012088                __wrap___aeabi_ldivmod
                0x100120b8                div_u64u64
                0x100120b8                divmod_u64u64
                0x100120b8                __wrap___aeabi_uldivmod
                0x100120c8                divmod_u64u64_savestate
                0x100120e8                divmod_s64s64_unsafe
                0x10012170                divmod_u64u64_unsafe
 .text.__wrap___aeabi_darithmetic
                0x100124ac       0x60 CMakeFiles/wifi.dir/pico-sdk/src/rp2_common/pico_double/double_aeabi_rp2040.S.o
                0x100124ac                __wrap___aeabi_drsub
                0x100124b2                __wrap___aeabi_dsub
                0x100124bc                __wrap___aeabi_dadd
                0x100124c6                __wrap___aeabi_ddiv
                0x100124fa                __wrap___aeabi_dmul
 .text.__wrap___aeabi_cdcmple
                0x1001250c       0x6c CMakeFiles/wifi.dir/pico-sdk/src/rp2_common/pico_double/double_aeabi_rp2040.S.o
                0x1001250c                __wrap___aeabi_cdrcmple
                0x1001251c                __wrap___aeabi_cdcmple
                0x1001251c                __wrap___aeabi_cdcmpeq
 .text.__wrap___aeabi_dcmplt
                0x10012578        0xc CMakeFiles/wifi.dir/pico-sdk/src/rp2_common/pico_double/double_aeabi_rp2040.S.o
                0x10012578                __wrap___aeabi_dcmplt
 .text.__wrap___aeabi_dcmpge
                0x10012584       0x10 CMakeFiles/wifi.dir/pico-sdk/src/rp2_common/pico_double/double_aeabi_rp2040.S.o
                0x10012584                __wrap___aeabi_dcmpge
 .text.__wrap___aeabi_dcmpgt
                0x10012594        0xa CMakeFiles/wifi.dir/pico-sdk/src/rp2_common/pico_double/double_aeabi_rp2040.S.o
                0x10012594                __wrap___aeabi_dcmpgt
 .text.__wrap___aeabi_dcmpun
                0x1001259e       0x18 CMakeFiles/wifi.dir/pico-sdk/src/rp2_common/pico_double/double_aeabi_rp2040.S.o
                0x1001259e                __wrap___aeabi_dcmpun
 *fill*         0x100125b6        0x2 
 .text.__wrap___aeabi_i2d
                0x100125b8       0x38 CMakeFiles/wifi.dir/pico-sdk/src/rp2_common/pico_double/double_aeabi_rp2040.S.o
                0x100125b8                __wrap___aeabi_ui2d
                0x100125b8                uint2double
                0x100125c0                __wrap___aeabi_i2d
                0x100125c0                int2double
 .text.__wrap___aeabi_d2iz
                0x100125f0       0x48 CMakeFiles/wifi.dir/pico-sdk/src/rp2_common/pico_double/double_aeabi_rp2040.S.o
                0x100125f0                __wrap___aeabi_d2iz
                0x100125f0                double2int_z
 .text.__wrap___aeabi_d2uiz
                0x10012638       0x10 CMakeFiles/wifi.dir/pico-sdk/src/rp2_common/pico_double/double_aeabi_rp2040.S.o
                0x10012638                double2uint_z
                0x10012638                double2uint
                0x10012638                __wrap___aeabi_d2uiz
 .text.__wrap___aeabi_l2d
                0x10012648       0x10 CMakeFiles/wifi.dir/pico-sdk/src/rp2_common/pico_double/double_aeabi_rp2040.S.o
                0x10012648                __wrap___aeabi_l2d
                0x10012648                int642double
 .text.__wrap___aeabi_d2f
                0x10012658       0x10 CMakeFiles/wifi.dir/pico-sdk/src/rp2_common/pico_double/double_aeabi_rp2040.S.o
                0x10012658                __wrap___aeabi_d2f
 .text.missing_double_func_shim
                0x10012668        0xc CMakeFiles/wifi.dir/pico-sdk/src/rp2_common/pico_double/double_init_rom_rp2040.c.o
 .text.__aeabi_double_init
                0x10012674       0xa0 CMakeFiles/wifi.dir/pico-sdk/src/rp2_common/pico_double/double_init_rom_rp2040.c.o
                0x10012674                __aeabi_double_init
 .text.double_table_shim_on_use_helper
                0x10012714       0x2c CMakeFiles/wifi.dir/pico-sdk/src/rp2_common/pico_double/double_v1_rom_shim_rp2040.S.o
                0x10012714                double_table_shim_on_use_helper
 .text.__aeabi_lmul
                0x10012740       0x32 CMakeFiles/wifi.dir/pico-sdk/src/rp2_common/pico_int64_ops/pico_int64_ops_aeabi.S.o
                0x10012740                __wrap___aeabi_lmul
 *fill*         0x10012772        0x2 
 .text.__wrap___aeabi_cfcmple
                0x10012774       0x50 CMakeFiles/wifi.dir/pico-sdk/src/rp2_common/pico_float/float_aeabi_rp2040.S.o
                0x10012774                __wrap___aeabi_cfrcmple
                0x10012780                __wrap___aeabi_cfcmpeq
                0x10012780                __wrap___aeabi_cfcmple
 .text.__wrap___aeabi_fcmple
                0x100127c4       0x10 CMakeFiles/wifi.dir/pico-sdk/src/rp2_common/pico_float/float_aeabi_rp2040.S.o
                0x100127c4                __wrap___aeabi_fcmple
 .text.__wrap___aeabi_fcmpgt
                0x100127d4        0xa CMakeFiles/wifi.dir/pico-sdk/src/rp2_common/pico_float/float_aeabi_rp2040.S.o
                0x100127d4                __wrap___aeabi_fcmpgt
 *fill*         0x100127de        0x2 
 .text.__wrap___aeabi_f2d
                0x100127e0        0xc CMakeFiles/wifi.dir/pico-sdk/src/rp2_common/pico_float/float_aeabi_rp2040.S.o
                0x100127e0                __wrap___aeabi_f2d
 .text.missing_float_func_shim
                0x100127ec        0xc CMakeFiles/wifi.dir/pico-sdk/src/rp2_common/pico_float/float_init_rom_rp2040.c.o
 .text.__aeabi_float_init
                0x100127f8       0x5c CMakeFiles/wifi.dir/pico-sdk/src/rp2_common/pico_float/float_init_rom_rp2040.c.o
                0x100127f8                __aeabi_float_init
 .text          0x10012854       0x10 CMakeFiles/wifi.dir/pico-sdk/src/rp2_common/pico_mem_ops/mem_ops_aeabi.S.o
                0x10012854                __aeabi_mem_init
 .text.memset   0x10012864        0xc CMakeFiles/wifi.dir/pico-sdk/src/rp2_common/pico_mem_ops/mem_ops_aeabi.S.o
                0x10012864                __wrap_memset
 .text.memcpy   0x10012870        0xc CMakeFiles/wifi.dir/pico-sdk/src/rp2_common/pico_mem_ops/mem_ops_aeabi.S.o
                0x10012870                __wrap___aeabi_memcpy
                0x10012870                __wrap_memcpy
 .text._out_buffer
                0x1001287c        0x8 CMakeFiles/wifi.dir/pico-sdk/src/rp2_common/pico_printf/printf.c.o
 .text._out_null
                0x10012884        0x4 CMakeFiles/wifi.dir/pico-sdk/src/rp2_common/pico_printf/printf.c.o
 .text._out_rev
                0x10012888       0xac CMakeFiles/wifi.dir/pico-sdk/src/rp2_common/pico_printf/printf.c.o
 .text._ntoa_format
                0x10012934      0x250 CMakeFiles/wifi.dir/pico-sdk/src/rp2_common/pico_printf/printf.c.o
 .text._out_char
                0x10012b84       0x10 CMakeFiles/wifi.dir/pico-sdk/src/rp2_common/pico_printf/printf.c.o
 .text._out_fct
                0x10012b94       0x10 CMakeFiles/wifi.dir/pico-sdk/src/rp2_common/pico_printf/printf.c.o
 .text._etoa    0x10012ba4      0x464 CMakeFiles/wifi.dir/pico-sdk/src/rp2_common/pico_printf/printf.c.o
 .text._ftoa    0x10013008      0x3c0 CMakeFiles/wifi.dir/pico-sdk/src/rp2_common/pico_printf/printf.c.o
 .text._vsnprintf
                0x100133c8      0xbc8 CMakeFiles/wifi.dir/pico-sdk/src/rp2_common/pico_printf/printf.c.o
 .text.__wrap_snprintf
                0x10013f90       0x28 CMakeFiles/wifi.dir/pico-sdk/src/rp2_common/pico_printf/printf.c.o
                0x10013f90                __wrap_snprintf
 .text.vfctprintf
                0x10013fb8       0x20 CMakeFiles/wifi.dir/pico-sdk/src/rp2_common/pico_printf/printf.c.o
                0x10013fb8                vfctprintf
 .text.weak_raw_vprintf
                0x10013fd8       0x30 CMakeFiles/wifi.dir/pico-sdk/src/rp2_common/pico_printf/printf.c.o
                0x10013fd8                weak_raw_vprintf
 .text._exit    0x10014008        0x4 CMakeFiles/wifi.dir/pico-sdk/src/rp2_common/pico_clib_interface/newlib_interface.c.o
                0x10014008                _exit
 .text.exit     0x1001400c        0x8 CMakeFiles/wifi.dir/pico-sdk/src/rp2_common/pico_clib_interface/newlib_interface.c.o
                0x1001400c                exit
 .text.runtime_init
                0x10014014       0x2c CMakeFiles/wifi.dir/pico-sdk/src/rp2_common/pico_clib_interface/newlib_interface.c.o
                0x10014014                runtime_init
 .text.stdio_out_chars_no_crlf
                0x10014040       0x10 CMakeFiles/wifi.dir/pico-sdk/src/rp2_common/pico_stdio/stdio.c.o
 .text.stdio_out_chars_crlf
                0x10014050       0x94 CMakeFiles/wifi.dir/pico-sdk/src/rp2_common/pico_stdio/stdio.c.o
 .text.stdio_buffered_printer
                0x100140e4       0x64 CMakeFiles/wifi.dir/pico-sdk/src/rp2_common/pico_stdio/stdio.c.o
 .text.stdio_put_string
                0x10014148      0x100 CMakeFiles/wifi.dir/pico-sdk/src/rp2_common/pico_stdio/stdio.c.o
                0x10014148                stdio_put_string
 .text.stdio_set_driver_enabled
                0x10014248       0x30 CMakeFiles/wifi.dir/pico-sdk/src/rp2_common/pico_stdio/stdio.c.o
                0x10014248                stdio_set_driver_enabled
 .text.stdio_init_all
                0x10014278        0x8 CMakeFiles/wifi.dir/pico-sdk/src/rp2_common/pico_stdio/stdio.c.o
                0x10014278                stdio_init_all
 .text.__wrap_putchar
                0x10014280       0x98 CMakeFiles/wifi.dir/pico-sdk/src/rp2_common/pico_stdio/stdio.c.o
                0x10014280                stdio_putchar
                0x10014280                __wrap_putchar
 .text.__wrap_puts
                0x10014318       0x3c CMakeFiles/wifi.dir/pico-sdk/src/rp2_common/pico_stdio/stdio.c.o
                0x10014318                __wrap_puts
                0x10014318                stdio_puts
 .text.__wrap_vprintf
                0x10014354       0xd4 CMakeFiles/wifi.dir/pico-sdk/src/rp2_common/pico_stdio/stdio.c.o
                0x10014354                __wrap_vprintf
                0x10014354                stdio_vprintf
 .text.__wrap_printf
                0x10014428       0x18 CMakeFiles/wifi.dir/pico-sdk/src/rp2_common/pico_stdio/stdio.c.o
                0x10014428                stdio_printf
                0x10014428                __wrap_printf
 .text.resetd_init
                0x10014440        0x4 CMakeFiles/wifi.dir/pico-sdk/src/rp2_common/pico_stdio_usb/reset_interface.c.o
 .text.resetd_reset
                0x10014444        0xc CMakeFiles/wifi.dir/pico-sdk/src/rp2_common/pico_stdio_usb/reset_interface.c.o
 .text.resetd_open
                0x10014450       0x28 CMakeFiles/wifi.dir/pico-sdk/src/rp2_common/pico_stdio_usb/reset_interface.c.o
 .text.resetd_xfer_cb
                0x10014478        0x4 CMakeFiles/wifi.dir/pico-sdk/src/rp2_common/pico_stdio_usb/reset_interface.c.o
 .text.resetd_control_xfer_cb
                0x1001447c       0x5c CMakeFiles/wifi.dir/pico-sdk/src/rp2_common/pico_stdio_usb/reset_interface.c.o
 .text.tud_descriptor_bos_cb
                0x100144d8        0x8 CMakeFiles/wifi.dir/pico-sdk/src/rp2_common/pico_stdio_usb/reset_interface.c.o
                0x100144d8                tud_descriptor_bos_cb
 .text.tud_vendor_control_xfer_cb
                0x100144e0       0x34 CMakeFiles/wifi.dir/pico-sdk/src/rp2_common/pico_stdio_usb/reset_interface.c.o
                0x100144e0                tud_vendor_control_xfer_cb
 .text.usbd_app_driver_get_cb
                0x10014514        0xc CMakeFiles/wifi.dir/pico-sdk/src/rp2_common/pico_stdio_usb/reset_interface.c.o
                0x10014514                usbd_app_driver_get_cb
 .text.tud_cdc_line_coding_cb
                0x10014520       0x2c CMakeFiles/wifi.dir/pico-sdk/src/rp2_common/pico_stdio_usb/reset_interface.c.o
                0x10014520                tud_cdc_line_coding_cb
 .text.stdio_usb_set_chars_available_callback
                0x1001454c       0x14 CMakeFiles/wifi.dir/pico-sdk/src/rp2_common/pico_stdio_usb/stdio_usb.c.o
                0x1001454c                stdio_usb_set_chars_available_callback
 .text.usb_irq  0x10014560       0x10 CMakeFiles/wifi.dir/pico-sdk/src/rp2_common/pico_stdio_usb/stdio_usb.c.o
 .text.timer_task
                0x10014570       0x64 CMakeFiles/wifi.dir/pico-sdk/src/rp2_common/pico_stdio_usb/stdio_usb.c.o
 .text.stdio_usb_in_chars
                0x100145d4       0x90 CMakeFiles/wifi.dir/pico-sdk/src/rp2_common/pico_stdio_usb/stdio_usb.c.o
                0x100145d4                stdio_usb_in_chars
 .text.stdio_usb_out_flush
                0x10014664       0x50 CMakeFiles/wifi.dir/pico-sdk/src/rp2_common/pico_stdio_usb/stdio_usb.c.o
 .text.stdio_usb_out_chars
                0x100146b4      0x104 CMakeFiles/wifi.dir/pico-sdk/src/rp2_common/pico_stdio_usb/stdio_usb.c.o
 .text.low_priority_worker_irq
                0x100147b8       0xcc CMakeFiles/wifi.dir/pico-sdk/src/rp2_common/pico_stdio_usb/stdio_usb.c.o
 .text.stdio_usb_init
                0x10014884       0xec CMakeFiles/wifi.dir/pico-sdk/src/rp2_common/pico_stdio_usb/stdio_usb.c.o
                0x10014884                stdio_usb_init
 .text.tud_descriptor_device_cb
                0x10014970        0x8 CMakeFiles/wifi.dir/pico-sdk/src/rp2_common/pico_stdio_usb/stdio_usb_descriptors.c.o
                0x10014970                tud_descriptor_device_cb
 .text.tud_descriptor_configuration_cb
                0x10014978        0x8 CMakeFiles/wifi.dir/pico-sdk/src/rp2_common/pico_stdio_usb/stdio_usb_descriptors.c.o
                0x10014978                tud_descriptor_configuration_cb
 .text.tud_descriptor_string_cb
                0x10014980       0x78 CMakeFiles/wifi.dir/pico-sdk/src/rp2_common/pico_stdio_usb/stdio_usb_descriptors.c.o
                0x10014980                tud_descriptor_string_cb
 .text.dcd_init
                0x100149f8       0x90 CMakeFiles/wifi.dir/pico-sdk/lib/tinyusb/src/portable/raspberrypi/rp2040/dcd_rp2040.c.o
                0x100149f8                dcd_init
 .text.dcd_int_enable
                0x10014a88        0xc CMakeFiles/wifi.dir/pico-sdk/lib/tinyusb/src/portable/raspberrypi/rp2040/dcd_rp2040.c.o
                0x10014a88                dcd_int_enable
 .text.dcd_set_address
                0x10014a94       0x14 CMakeFiles/wifi.dir/pico-sdk/lib/tinyusb/src/portable/raspberrypi/rp2040/dcd_rp2040.c.o
                0x10014a94                dcd_set_address
 .text.dcd_sof_enable
                0x10014aa8       0x1c CMakeFiles/wifi.dir/pico-sdk/lib/tinyusb/src/portable/raspberrypi/rp2040/dcd_rp2040.c.o
                0x10014aa8                dcd_sof_enable
 .text.dcd_edpt0_status_complete
                0x10014ac4       0x1c CMakeFiles/wifi.dir/pico-sdk/lib/tinyusb/src/portable/raspberrypi/rp2040/dcd_rp2040.c.o
                0x10014ac4                dcd_edpt0_status_complete
 .text.dcd_edpt_open
                0x10014ae0      0x114 CMakeFiles/wifi.dir/pico-sdk/lib/tinyusb/src/portable/raspberrypi/rp2040/dcd_rp2040.c.o
                0x10014ae0                dcd_edpt_open
 .text.dcd_edpt_close_all
                0x10014bf4        0x8 CMakeFiles/wifi.dir/pico-sdk/lib/tinyusb/src/portable/raspberrypi/rp2040/dcd_rp2040.c.o
                0x10014bf4                dcd_edpt_close_all
 .text.dcd_edpt_xfer
                0x10014bfc       0x24 CMakeFiles/wifi.dir/pico-sdk/lib/tinyusb/src/portable/raspberrypi/rp2040/dcd_rp2040.c.o
                0x10014bfc                dcd_edpt_xfer
 .text.dcd_edpt_stall
                0x10014c20       0x34 CMakeFiles/wifi.dir/pico-sdk/lib/tinyusb/src/portable/raspberrypi/rp2040/dcd_rp2040.c.o
                0x10014c20                dcd_edpt_stall
 .text.dcd_edpt_clear_stall
                0x10014c54       0x30 CMakeFiles/wifi.dir/pico-sdk/lib/tinyusb/src/portable/raspberrypi/rp2040/dcd_rp2040.c.o
                0x10014c54                dcd_edpt_clear_stall
 .text.rp2040_usb_init
                0x10014c84       0x40 CMakeFiles/wifi.dir/pico-sdk/lib/tinyusb/src/portable/raspberrypi/rp2040/rp2040_usb.c.o
                0x10014c84                rp2040_usb_init
 .text.hw_endpoint_xfer_start
                0x10014cc4       0x40 CMakeFiles/wifi.dir/pico-sdk/lib/tinyusb/src/portable/raspberrypi/rp2040/rp2040_usb.c.o
                0x10014cc4                hw_endpoint_xfer_start
 .text.tud_event_hook_cb
                0x10014d04        0x4 CMakeFiles/wifi.dir/pico-sdk/lib/tinyusb/src/device/usbd.c.o
                0x10014d04                tud_event_hook_cb
 .text.tud_sof_cb
                0x10014d08        0x4 CMakeFiles/wifi.dir/pico-sdk/lib/tinyusb/src/device/usbd.c.o
                0x10014d08                tud_sof_cb
 .text.tud_descriptor_device_qualifier_cb
                0x10014d0c        0x4 CMakeFiles/wifi.dir/pico-sdk/lib/tinyusb/src/device/usbd.c.o
                0x10014d0c                tud_descriptor_device_qualifier_cb
 .text.tud_descriptor_other_speed_configuration_cb
                0x10014d10        0x4 CMakeFiles/wifi.dir/pico-sdk/lib/tinyusb/src/device/usbd.c.o
                0x10014d10                tud_descriptor_other_speed_configuration_cb
 .text.tud_mount_cb
                0x10014d14        0x4 CMakeFiles/wifi.dir/pico-sdk/lib/tinyusb/src/device/usbd.c.o
                0x10014d14                tud_mount_cb
 .text.tud_umount_cb
                0x10014d18        0x4 CMakeFiles/wifi.dir/pico-sdk/lib/tinyusb/src/device/usbd.c.o
                0x10014d18                tud_umount_cb
 .text.tud_suspend_cb
                0x10014d1c        0x4 CMakeFiles/wifi.dir/pico-sdk/lib/tinyusb/src/device/usbd.c.o
                0x10014d1c                tud_suspend_cb
 .text.tud_resume_cb
                0x10014d20        0x4 CMakeFiles/wifi.dir/pico-sdk/lib/tinyusb/src/device/usbd.c.o
                0x10014d20                tud_resume_cb
 .text.tud_mounted
                0x10014d24       0x10 CMakeFiles/wifi.dir/pico-sdk/lib/tinyusb/src/device/usbd.c.o
                0x10014d24                tud_mounted
 .text.tud_suspended
                0x10014d34       0x10 CMakeFiles/wifi.dir/pico-sdk/lib/tinyusb/src/device/usbd.c.o
                0x10014d34                tud_suspended
 .text.tud_rhport_init
                0x10014d44       0xfc CMakeFiles/wifi.dir/pico-sdk/lib/tinyusb/src/device/usbd.c.o
                0x10014d44                tud_rhport_init
 .text.tud_task_ext
                0x10014e40      0x800 CMakeFiles/wifi.dir/pico-sdk/lib/tinyusb/src/device/usbd.c.o
                0x10014e40                tud_task_ext
 .text.usbd_open_edpt_pair
                0x10015640       0x9c CMakeFiles/wifi.dir/pico-sdk/lib/tinyusb/src/device/usbd.c.o
                0x10015640                usbd_open_edpt_pair
 .text.usbd_edpt_open
                0x100156dc       0x34 CMakeFiles/wifi.dir/pico-sdk/lib/tinyusb/src/device/usbd.c.o
                0x100156dc                usbd_edpt_open
 .text.usbd_edpt_claim
                0x10015710       0x28 CMakeFiles/wifi.dir/pico-sdk/lib/tinyusb/src/device/usbd.c.o
                0x10015710                usbd_edpt_claim
 .text.usbd_edpt_release
                0x10015738       0x28 CMakeFiles/wifi.dir/pico-sdk/lib/tinyusb/src/device/usbd.c.o